<html>
<body>
<pre>
<h1>µVision Build Log</h1>
<h2>Project:</h2>
F:\workspace\Class_STM32\USER\Template.uvproj
Project File Date:  06/14/2018

<h2>Output:</h2>
Build target 'Template'
compiling main.c...
compiling tim.c...
linking...
Program Size: Code=22468 RO-data=704 RW-data=1040 ZI-data=1632  
FromELF: creating hex file...
"..\OBJ\Template.axf" - 0 Error(s), 0 Warning(s).
Load "..\\OBJ\\Template.axf" 
Erase Done.
Programming Done.
Verify OK.
Application running ...
</pre>
</body>
</html>
f" 
Erase Done.
Programming Done.
Verify OK.
Application running ...
