Product: MDK-ARM Professional 5.10
Component: ARM Compiler 5.04 update 1 (build 49)
Tool: armlink [5040049]

==============================================================================

Section Cross References

    main.o(.text) refers to _printf_percent.o(.ARM.Collect$$_printf_percent$$00000000) for _printf_percent
    main.o(.text) refers to _printf_f.o(.ARM.Collect$$_printf_percent$$00000003) for _printf_f
    main.o(.text) refers to printf1.o(x$fpl$printf1) for _printf_fp_dec
    main.o(.text) refers to _printf_d.o(.ARM.Collect$$_printf_percent$$00000009) for _printf_d
    main.o(.text) refers to _printf_dec.o(.text) for _printf_int_dec
    main.o(.text) refers to _printf_lld.o(.ARM.Collect$$_printf_percent$$0000000E) for _printf_lld
    main.o(.text) refers to _printf_longlong_dec.o(.text) for _printf_longlong_dec
    main.o(.text) refers to delay.o(.text) for set_board_systick
    main.o(.text) refers to rt_memcpy_w.o(.text) for __aeabi_memcpy4
    main.o(.text) refers to stm32f4xx_adc.o(.text) for ADC_SoftwareStartConv
    main.o(.text) refers to f2d.o(x$fpl$f2d) for __aeabi_f2d
    main.o(.text) refers to noretval__2printf.o(.text) for __2printf
    main.o(.text) refers to usart.o(.data) for USART
    main.o(.text) refers to tim.o(.data) for TIMER
    main.o(.text) refers to mlx.o(.data) for MLX_4
    main.o(.text) refers to adc.o(.data) for ADC_Type
    main.o(.text) refers to gk105.o(.data) for GK105
    main.o(.text) refers to main.o(.data) for System_TimeTicks
    main.o(.text) refers to main.o(.conststring) for .conststring
    system_stm32f4xx.o(.text) refers to system_stm32f4xx.o(.data) for SystemCoreClock
    startup_stm32f40_41xxx.o(STACK) refers (Special) to heapauxi.o(.text) for __use_two_region_memory
    startup_stm32f40_41xxx.o(HEAP) refers (Special) to heapauxi.o(.text) for __use_two_region_memory
    startup_stm32f40_41xxx.o(RESET) refers (Special) to heapauxi.o(.text) for __use_two_region_memory
    startup_stm32f40_41xxx.o(RESET) refers to startup_stm32f40_41xxx.o(STACK) for __initial_sp
    startup_stm32f40_41xxx.o(RESET) refers to startup_stm32f40_41xxx.o(.text) for Reset_Handler
    startup_stm32f40_41xxx.o(RESET) refers to stm32f4xx_it.o(.text) for NMI_Handler
    startup_stm32f40_41xxx.o(RESET) refers to delay.o(.text) for SysTick_Handler
    startup_stm32f40_41xxx.o(RESET) refers to gk105.o(.text) for EXTI1_IRQHandler
    startup_stm32f40_41xxx.o(RESET) refers to usart.o(.text) for USART1_IRQHandler
    startup_stm32f40_41xxx.o(RESET) refers to tim.o(.text) for TIM8_UP_TIM13_IRQHandler
    startup_stm32f40_41xxx.o(.text) refers (Special) to heapauxi.o(.text) for __use_two_region_memory
    startup_stm32f40_41xxx.o(.text) refers to system_stm32f4xx.o(.text) for SystemInit
    startup_stm32f40_41xxx.o(.text) refers to __main.o(!!!main) for __main
    startup_stm32f40_41xxx.o(.text) refers to startup_stm32f40_41xxx.o(HEAP) for Heap_Mem
    startup_stm32f40_41xxx.o(.text) refers to startup_stm32f40_41xxx.o(STACK) for Stack_Mem
    stm32f4xx_adc.o(.text) refers to stm32f4xx_rcc.o(.text) for RCC_APB2PeriphResetCmd
    stm32f4xx_can.o(.text) refers to stm32f4xx_rcc.o(.text) for RCC_APB1PeriphResetCmd
    stm32f4xx_cryp.o(.text) refers to stm32f4xx_rcc.o(.text) for RCC_AHB2PeriphResetCmd
    stm32f4xx_cryp_aes.o(.text) refers to stm32f4xx_cryp.o(.text) for CRYP_KeyStructInit
    stm32f4xx_cryp_des.o(.text) refers to stm32f4xx_cryp.o(.text) for CRYP_KeyStructInit
    stm32f4xx_cryp_tdes.o(.text) refers to stm32f4xx_cryp.o(.text) for CRYP_KeyStructInit
    stm32f4xx_dac.o(.text) refers to stm32f4xx_rcc.o(.text) for RCC_APB1PeriphResetCmd
    stm32f4xx_dma2d.o(.text) refers to stm32f4xx_rcc.o(.text) for RCC_AHB1PeriphResetCmd
    stm32f4xx_fsmc.o(.text) refers to stm32f4xx_fsmc.o(.constdata) for FSMC_DefaultTimingStruct
    stm32f4xx_gpio.o(.text) refers to stm32f4xx_rcc.o(.text) for RCC_AHB1PeriphResetCmd
    stm32f4xx_hash.o(.text) refers to stm32f4xx_rcc.o(.text) for RCC_AHB2PeriphResetCmd
    stm32f4xx_hash_md5.o(.text) refers to stm32f4xx_hash.o(.text) for HASH_DeInit
    stm32f4xx_hash_sha1.o(.text) refers to stm32f4xx_hash.o(.text) for HASH_DeInit
    stm32f4xx_i2c.o(.text) refers to stm32f4xx_rcc.o(.text) for RCC_APB1PeriphResetCmd
    stm32f4xx_ltdc.o(.text) refers to stm32f4xx_rcc.o(.text) for RCC_APB2PeriphResetCmd
    stm32f4xx_pwr.o(.text) refers to stm32f4xx_rcc.o(.text) for RCC_APB1PeriphResetCmd
    stm32f4xx_rcc.o(.text) refers to stm32f4xx_rcc.o(.data) for APBAHBPrescTable
    stm32f4xx_rng.o(.text) refers to stm32f4xx_rcc.o(.text) for RCC_AHB2PeriphResetCmd
    stm32f4xx_sai.o(.text) refers to stm32f4xx_rcc.o(.text) for RCC_APB2PeriphResetCmd
    stm32f4xx_sdio.o(.text) refers to stm32f4xx_rcc.o(.text) for RCC_APB2PeriphResetCmd
    stm32f4xx_spi.o(.text) refers to stm32f4xx_rcc.o(.text) for RCC_APB2PeriphResetCmd
[...]
    .text                                    0x080019f0   Section        0  stm32f4xx_syscfg.o(.text)
    .text                                    0x08001a84   Section        0  stm32f4xx_tim.o(.text)
    TI4_Config                               0x08002223   Thumb Code    80  stm32f4xx_tim.o(.text)
    TI3_Config                               0x08002285   Thumb Code    72  stm32f4xx_tim.o(.text)
    TI2_Config                               0x080022e7   Thumb Code    90  stm32f4xx_tim.o(.text)
    TI1_Config                               0x08002353   Thumb Code    58  stm32f4xx_tim.o(.text)
    .text                                    0x08002728   Section        0  stm32f4xx_usart.o(.text)
    .text                                    0x08002b7c   Section        0  usart.o(.text)
    send_data                                0x08002bc3   Thumb Code    28  usart.o(.text)
    init                                     0x08002bdf   Thumb Code   110  usart.o(.text)
    deinit                                   0x08002c4d   Thumb Code    26  usart.o(.text)
    .text                                    0x08002c74   Section        0  delay.o(.text)
    enter_critical_section                   0x08002c75   Thumb Code    12  delay.o(.text)
    leave_critical_section                   0x08002c81   Thumb Code    10  delay.o(.text)
    _delay_loop                              0x08002d0f   Thumb Code    16  delay.o(.text)
    .text                                    0x08002e5c   Section        0  tim.o(.text)
    initPWM                                  0x08002e5d   Thumb Code   104  tim.o(.text)
    deinitPWM                                0x08002ec5   Thumb Code    34  tim.o(.text)
    initTimer                                0x08002ee7   Thumb Code    64  tim.o(.text)
    deinitTimer                              0x08002f27   Thumb Code    24  tim.o(.text)
    StepMotorInit                            0x08002f3f   Thumb Code    56  tim.o(.text)
    StepMotorConfig                          0x08002f77   Thumb Code    78  tim.o(.text)
    getus                                    0x08002fc5   Thumb Code     8  tim.o(.text)
    .text                                    0x08002ffc   Section        0  mlx.o(.text)
    PEC_cal                                  0x08002ffd   Thumb Code   196  mlx.o(.text)
    SDA_INPUT                                0x080030c1   Thumb Code    28  mlx.o(.text)
    SDA_OUTPUT                               0x080030dd   Thumb Code    28  mlx.o(.text)
    _SMBus_Start                             0x080030f9   Thumb Code    84  mlx.o(.text)
    _SMBus_Stop                              0x0800314d   Thumb Code    78  mlx.o(.text)
    _SMBus_SendBit                           0x0800319b   Thumb Code    82  mlx.o(.text)
    _SMBus_ReadBit                           0x080031ed   Thumb Code    80  mlx.o(.text)
    _SMBus_SendByte                          0x0800323d   Thumb Code   102  mlx.o(.text)
    _SMBus_ReadByte                          0x080032a3   Thumb Code    94  mlx.o(.text)
    SMBus_ReadRegister                       0x08003301   Thumb Code   358  mlx.o(.text)
    SMBus_WriteRegister                      0x08003467   Thumb Code   318  mlx.o(.text)
    _SMBus_WriteSlaveAddress                 0x080035a5   Thumb Code    70  mlx.o(.text)
    _SMBus_ReadTemp_TOBJ                     0x080035eb   Thumb Code   104  mlx.o(.text)
    _SMBus_ReadTemp_surr                     0x08003653   Thumb Code   104  mlx.o(.text)
    init                                     0x080036bb   Thumb Code    54  mlx.o(.text)
    .text                                    0x08003700   Section        0  adc.o(.text)
    init                                     0x0800393d   Thumb Code   152  adc.o(.text)
    deinit                                   0x080039d5   Thumb Code    26  adc.o(.text)
    Init_ADCStructure                        0x080039ef   Thumb Code    34  adc.o(.text)
    CalcVoltage_MV                           0x08003a11   Thumb Code    60  adc.o(.text)
    ADC_HeartBeat                            0x08003a4d   Thumb Code    24  adc.o(.text)
    .text                                    0x08003a9c   Section        0  gk105.o(.text)
    init                                     0x08003a9d   Thumb Code    64  gk105.o(.text)
    deinit                                   0x08003add   Thumb Code     2  gk105.o(.text)
    calcTurnSpeed                            0x08003adf   Thumb Code   148  gk105.o(.text)
    .text                                    0x08003bac   Section        2  use_no_semi_2.o(.text)
    .text                                    0x08003bae   Section      238  lludivv7m.o(.text)
    .text                                    0x08003c9c   Section        0  noretval__2printf.o(.text)
    .text                                    0x08003cb4   Section        0  _printf_dec.o(.text)
    .text                                    0x08003d28   Section        0  _printf_longlong_dec.o(.text)
    .text                                    0x08003da0   Section        0  __printf_ss_wp.o(.text)
    .text                                    0x08003f00   Section      100  rt_memcpy_w.o(.text)
    .text                                    0x08003f64   Section        0  heapauxi.o(.text)
    .text                                    0x08003f6a   Section        2  use_no_semi.o(.text)
    .text                                    0x08003f6c   Section      138  lludiv10.o(.text)
    .text                                    0x08003ff6   Section        0  _printf_intcommon.o(.text)
    .text                                    0x080040a8   Section        0  _printf_fp_dec.o(.text)
    _fp_digits                               0x080040ab   Thumb Code   428  _printf_fp_dec.o(.text)
    .text                                    0x080044c0   Section        0  _printf_char_file.o(.text)
    .text                                    0x080044e4   Section        8  rt_locale_intlibspace.o(.text)
    .text                                    0x080044ec   Section        0  _printf_char_common.o(.text)
    _printf_input_char                       0x080044ed   Thumb Code    10  _printf_char_common.o(.text)
    .text                                    0x0800451c   Section        0  _printf_fp_infnan.o(.text)
    .text                                    0x0800459c   Section        0  bigflt0.o(.text)
    .text                                    0x08004674   Section        0  ferror.o(.text)
    .text                                    0x0800467c   Section        8  libspace.o(.text)
    .text                                    0x08004684   Section       74  sys_stackheap_outer.o(.text)
    .text                                    0x080046ce   Section        0  exit.o(.text)
    .text                                    0x080046dc   Section      128  strcmpv7m.o(.text)
    CL$$btod_d2e                             0x0800475c   Section       62  btod.o(CL$$btod_d2e)
    CL$$btod_d2e_denorm_low                  0x0800479a   Section       70  btod.o(CL$$btod_d2e_denorm_low)
    CL$$btod_d2e_norm_op1                    0x080047e0   Section       96  btod.o(CL$$btod_d2e_norm_op1)
    CL$$btod_div_common                      0x08004840   Section      824  btod.o(CL$$btod_div_common)
    CL$$btod_e2e                             0x08004b78   Section      198  btod.o(CL$$btod_e2e)
    CL$$btod_ediv                            0x08004c3e   Section       40  btod.o(CL$$btod_ediv)
    CL$$btod_emul                            0x08004c66   Section       40  btod.o(CL$$btod_emul)
    CL$$btod_mult_common                     0x08004c8e   Section      580  btod.o(CL$$btod_mult_common)
    i.__ARM_fpclassify                       0x08004ed2   Section        0  fpclassify.o(i.__ARM_fpclassify)
    i._is_digit                              0x08004f02   Section        0  __printf_wp.o(i._is_digit)
    locale$$code                             0x08004f10   Section       44  lc_numeric_c.o(locale$$code)
    x$fpl$d2f                                0x08004f3c   Section       98  d2f.o(x$fpl$d2f)
    $v0                                      0x08004f3c   Number         0  d2f.o(x$fpl$d2f)
    x$fpl$dadd                               0x08004fa0   Section      336  daddsub_clz.o(x$fpl$dadd)
    $v0                                      0x08004fa0   Number         0  daddsub_clz.o(x$fpl$dadd)
    _dadd1                                   0x08004fb1   Thumb Code     0  daddsub_clz.o(x$fpl$dadd)
    x$fpl$ddiv                               0x080050f0   Section      688  ddiv.o(x$fpl$ddiv)
    $v0                                      0x080050f0   Number         0  ddiv.o(x$fpl$ddiv)
    ddiv_entry                               0x080050f7   Thumb Code     0  ddiv.o(x$fpl$ddiv)
    x$fpl$dfixu                              0x080053a0   Section       90  dfixu.o(x$fpl$dfixu)
    $v0                                      0x080053a0   Number         0  dfixu.o(x$fpl$dfixu)
    x$fpl$dfltu                              0x080053fa   Section       38  dflt_clz.o(x$fpl$dfltu)
    $v0                                      0x080053fa   Number         0  dflt_clz.o(x$fpl$dfltu)
    x$fpl$dmul                               0x08005420   Section      340  dmul.o(x$fpl$dmul)
    $v0                                      0x08005420   Number         0  dmul.o(x$fpl$dmul)
    x$fpl$dnaninf                            0x08005574   Section      156  dnaninf.o(x$fpl$dnaninf)
    $v0                                      0x08005574   Number         0  dnaninf.o(x$fpl$dnaninf)
    x$fpl$dretinf                            0x08005610   Section       12  dretinf.o(x$fpl$dretinf)
    $v0                                      0x08005610   Number         0  dretinf.o(x$fpl$dretinf)
    x$fpl$dsub                               0x0800561c   Section      468  daddsub_clz.o(x$fpl$dsub)
    $v0                                      0x0800561c   Number         0  daddsub_clz.o(x$fpl$dsub)
    _dsub1                                   0x0800562d   Thumb Code     0  daddsub_clz.o(x$fpl$dsub)
    x$fpl$f2d                                0x080057f0   Section       86  f2d.o(x$fpl$f2d)
    $v0                                      0x080057f0   Number         0  f2d.o(x$fpl$f2d)
    x$fpl$ffltll                             0x08005846   Section       96  ffltll_clz.o(x$fpl$ffltll)
    $v0                                      0x08005846   Number         0  ffltll_clz.o(x$fpl$ffltll)
    x$fpl$fnaninf                            0x080058a6   Section      140  fnaninf.o(x$fpl$fnaninf)
    $v0                                      0x080058a6   Number         0  fnaninf.o(x$fpl$fnaninf)
    x$fpl$fpinit                             0x08005932   Section       10  fpinit.o(x$fpl$fpinit)
    $v0                                      0x08005932   Number         0  fpinit.o(x$fpl$fpinit)
    x$fpl$fretinf                            0x0800593c   Section       10  fretinf.o(x$fpl$fretinf)
    $v0                                      0x0800593c   Number         0  fretinf.o(x$fpl$fretinf)
    x$fpl$printf1                            0x08005946   Section        4  printf1.o(x$fpl$printf1)
    $v0                                      0x08005946   Number         0  printf1.o(x$fpl$printf1)
    x$fpl$usenofp                            0x0800594a   Section        0  usenofp.o(x$fpl$usenofp)
    .constdata                               0x0800594c   Section      148  bigflt0.o(.constdata)
    tenpwrs_x                                0x0800594c   Data          60  bigflt0.o(.constdata)
    tenpwrs_i                                0x08005988   Data          64  bigflt0.o(.constdata)
    .conststring                             0x080059e0   Section      103  main.o(.conststring)
    locale$$data                             0x08005a68   Section       28  lc_numeric_c.o(locale$$data)
    __lcnum_c_name                           0x08005a6c   Data           2  lc_numeric_c.o(locale$$data)
    __lcnum_c_start                          0x08005a74   Data           0  lc_numeric_c.o(locale$$data)
    __lcnum_c_point                          0x08005a80   Data           0  lc_numeric_c.o(locale$$data)
    __lcnum_c_thousands                      0x08005a82   Data           0  lc_numeric_c.o(locale$$data)
    __lcnum_c_grouping                       0x08005a83   Data           0  lc_numeric_c.o(locale$$data)
    __lcnum_c_end                            0x08005a84   Data           0  lc_numeric_c.o(locale$$data)
    .data                                    0x20000000   Section        8  main.o(.data)
    .data                                    0x20000008   Section       20  system_stm32f4xx.o(.data)
    .data                                    0x2000001c   Section       16  stm32f4xx_rcc.o(.data)
    APBAHBPrescTable                         0x2000001c   Data          16  stm32f4xx_rcc.o(.data)
    .data                                    0x2000002c   Section      172  usart.o(.data)
    .data                                    0x200000d8   Section       32  delay.o(.data)
    .data                                    0x200000f8   Section      248  tim.o(.data)
    .data                                    0x200001f0   Section      224  mlx.o(.data)
    .data                                    0x200002d0   Section      220  adc.o(.data)
    .data                                    0x200003b0   Section       96  gk105.o(.data)
    .bss                                     0x20000410   Section       96  libspace.o(.bss)
    HEAP                                     0x20000470   Section      512  startup_stm32f40_41xxx.o(HEAP)
    Heap_Mem                                 0x20000470   Data         512  startup_stm32f40_41xxx.o(HEAP)
    STACK                                    0x20000670   Section     1024  startup_stm32f40_41xxx.o(STACK)
    Stack_Mem                                0x20000670   Data        1024  startup_stm32f40_41xxx.o(STACK)
    __initial_sp                             0x20000a70   Data           0  startup_stm32f40_41xxx.o(STACK)

    Global Symbols

    Symbol Name                              Value     Ov Type        Size  Object(Section)

    BuildAttributes$$THM_ISAv4$E$P$D$K$B$S$7EM$VFPi3$EXTD16$VFPS$VFMA$PE$A:L22UL41UL21$X:L11$S22US41US21$IEEE1$IW$USESV6$~STKCKD$USESV7$~SHL$OTIME$ROPI$IEEEJ$EBA8$UX$STANDARDLIB$REQ8$PRES8$EABIv2 0x00000000   Number         0  anon$$obj.o ABSOLUTE
    __ARM_use_no_argv                        0x00000000   Number         0  main.o ABSOLUTE
    _printf_flags                            0x00000000   Number         0  printf_stubs.o ABSOLUTE
    _printf_return_value                     0x00000000   Number         0  printf_stubs.o ABSOLUTE
    _printf_sizespec                         0x00000000   Number         0  printf_stubs.o ABSOLUTE
    _printf_widthprec                        0x00000000   Number         0  printf_stubs.o ABSOLUTE
    __ARM_exceptions_init                     - Undefined Weak Reference
    __alloca_initialize                       - Undefined Weak Reference
    __cpp_initialize__aeabi_                  - Undefined Weak Reference
    __cxa_finalize                            - Undefined Weak Reference
    __sigvec_lookup                           - Undefined Weak Reference
    _atexit_init                              - Undefined Weak Reference
    _call_atexit_fns                          - Undefined Weak Reference
    _clock_init                               - Undefined Weak Reference
    _fp_trap_init                             - Undefined Weak Reference
    _fp_trap_shutdown                         - Undefined Weak Reference
    _get_lc_collate                           - Undefined Weak Reference
    _get_lc_ctype                             - Undefined Weak Reference
    _get_lc_monetary                          - Undefined Weak Reference
    _get_lc_time                              - Undefined Weak Reference
    _getenv_init                              - Undefined Weak Reference
    _handle_redirection                       - Undefined Weak Reference
    _init_alloc                               - Undefined Weak Reference
    _init_user_alloc                          - Undefined Weak Reference
    _initio                                   - Undefined Weak Reference
    _mutex_acquire                            - Undefined Weak Reference
    _mutex_release                            - Undefined Weak Reference
    _printf_post_padding                      - Undefined Weak Reference
    _printf_pre_padding                       - Undefined Weak Reference
    _printf_truncate_signed                   - Undefined Weak Reference
    _printf_truncate_unsigned                 - Undefined Weak Reference
    _rand_init                                - Undefined Weak Reference
    _signal_finish                            - Undefined Weak Reference
    _signal_init                              - Undefined Weak Reference
    _terminate_alloc                          - Undefined Weak Reference
    _terminate_user_alloc                     - Undefined Weak Reference
    _terminateio                              - Undefined Weak Reference
    __Vectors_Size                           0x00000188   Number         0  startup_stm32f40_41xxx.o ABSOLUTE
    __Vectors                                0x08000000   Data           4  startup_stm32f40_41xxx.o(RESET)
    __Vectors_End                            0x08000188   Data           0  startup_stm32f40_41xxx.o(RESET)
    __main                                   0x08000189   Thumb Code     8  __main.o(!!!main)
    __scatterload                            0x08000191   Thumb Code     0  __scatter.o(!!!scatter)
    __scatterload_rt2                        0x08000191   Thumb Code    44  __scatter.o(!!!scatter)
    __scatterload_rt2_thumb_only             0x08000191   Thumb Code     0  __scatter.o(!!!scatter)
    __scatterload_null                       0x0800019f   Thumb Code     0  __scatter.o(!!!scatter)
    __decompress                             0x080001c5   Thumb Code    90  __dczerorl2.o(!!dczerorl2)
    __decompress1                            0x080001c5   Thumb Code     0  __dczerorl2.o(!!dczerorl2)
    __scatterload_zeroinit                   0x08000221   Thumb Code    28  __scatter_zi.o(!!handler_zi)
    _printf_f                                0x0800023d   Thumb Code     0  _printf_f.o(.ARM.Collect$$_printf_percent$$00000003)
    _printf_percent                          0x0800023d   Thumb Code     0  _printf_percent.o(.ARM.Collect$$_printf_percent$$00000000)
    _printf_ll                               0x08000243   Thumb Code     0  _printf_ll.o(.ARM.Collect$$_printf_percent$$00000007)
    _printf_d                                0x0800024d   Thumb Code     0  _printf_d.o(.ARM.Collect$$_printf_percent$$00000009)
    _printf_lld                              0x08000253   Thumb Code     0  _printf_lld.o(.ARM.Collect$$_printf_percent$$0000000E)
    _printf_percent_end                      0x08000259   Thumb Code     0  _printf_percent_end.o(.ARM.Collect$$_printf_percent$$00000017)
    __rt_lib_init                            0x0800025d   Thumb Code     0  libinit.o(.ARM.Collect$$libinit$$00000000)
    __rt_lib_init_fp_1                       0x0800025f   Thumb Code     0  libinit2.o(.ARM.Collect$$libinit$$00000001)
    __rt_lib_init_heap_1                     0x08000263   Thumb Code     0  libinit2.o(.ARM.Collect$$libinit$$00000008)
    __rt_lib_init_lc_common                  0x08000263   Thumb Code     0  libinit2.o(.ARM.Collect$$libinit$$0000000D)
    __rt_lib_init_rand_1                     0x08000263   Thumb Code     0  libinit2.o(.ARM.Collect$$libinit$$0000000C)
    __rt_lib_init_user_alloc_1               0x08000263   Thumb Code     0  libinit2.o(.ARM.Collect$$libinit$$0000000A)
    __rt_lib_init_lc_collate_1               0x08000269   Thumb Code     0  libinit2.o(.ARM.Collect$$libinit$$0000000F)
    __rt_lib_init_lc_ctype_1                 0x08000269   Thumb Code     0  libinit2.o(.ARM.Collect$$libinit$$00000011)
    __rt_lib_init_lc_monetary_1              0x08000269   Thumb Code     0  libinit2.o(.ARM.Collect$$libinit$$00000013)
    __rt_lib_init_lc_numeric_2               0x08000269   Thumb Code     0  libinit2.o(.ARM.Collect$$libinit$$00000014)
    __rt_lib_init_alloca_1                   0x08000273   Thumb Code     0  libinit2.o(.ARM.Collect$$libinit$$0000002C)
    __rt_lib_init_argv_1                     0x08000273   Thumb Code     0  libinit2.o(.ARM.Collect$$libinit$$0000002A)
    __rt_lib_init_atexit_1                   0x08000273   Thumb Code     0  libinit2.o(.ARM.Collect$$libinit$$00000019)
    __rt_lib_init_clock_1                    0x08000273   Thumb Code     0  libinit2.o(.ARM.Collect$$libinit$$0000001F)
    __rt_lib_init_cpp_1                      0x08000273   Thumb Code     0  libinit2.o(.ARM.Collect$$libinit$$00000030)
    __rt_lib_init_exceptions_1               0x08000273   Thumb Code     0  libinit2.o(.ARM.Collect$$libinit$$0000002E)
    __rt_lib_init_fp_trap_1                  0x08000273   Thumb Code     0  libinit2.o(.ARM.Collect$$libinit$$0000001D)
    __rt_lib_init_getenv_1                   0x08000273   Thumb Code     0  libinit2.o(.ARM.Collect$$libinit$$00000021)
    __rt_lib_init_lc_numeric_1               0x08000273   Thumb Code     0  libinit2.o(.ARM.Collect$$libinit$$00000015)
    __rt_lib_init_lc_time_1                  0x08000273   Thumb Code     0  libinit2.o(.ARM.Collect$$libinit$$00000017)
    __rt_lib_init_return                     0x08000273   Thumb Code     0  libinit2.o(.ARM.Collect$$libinit$$00000031)
    __rt_lib_init_signal_1                   0x08000273   Thumb Code     0  libinit2.o(.ARM.Collect$$libinit$$0000001B)
    __rt_lib_init_stdio_1                    0x08000273   Thumb Code     0  libinit2.o(.ARM.Collect$$libinit$$00000023)
    __rt_lib_shutdown                        0x08000275   Thumb Code     0  libshutdown.o(.ARM.Collect$$libshutdown$$00000000)
    __rt_lib_shutdown_fp_trap_1              0x08000277   Thumb Code     0  libshutdown2.o(.ARM.Collect$$libshutdown$$00000006)
    __rt_lib_shutdown_heap_1                 0x08000277   Thumb Code     0  libshutdown2.o(.ARM.Collect$$libshutdown$$0000000E)
    __rt_lib_shutdown_return                 0x08000277   Thumb Code     0  libshutdown2.o(.ARM.Collect$$libshutdown$$0000000F)
    __rt_lib_shutdown_signal_1               0x08000277   Thumb Code     0  libshutdown2.o(.ARM.Collect$$libshutdown$$00000009)
    __rt_lib_shutdown_stdio_1                0x08000277   Thumb Code     0  libshutdown2.o(.ARM.Collect$$libshutdown$$00000003)
    __rt_lib_shutdown_user_alloc_1           0x08000277   Thumb Code     0  libshutdown2.o(.ARM.Collect$$libshutdown$$0000000B)
    __rt_entry                               0x08000279   Thumb Code     0  rtentry.o(.ARM.Collect$$rtentry$$00000000)
    __rt_entry_presh_1                       0x08000279   Thumb Code     0  rtentry2.o(.ARM.Collect$$rtentry$$00000002)
    __rt_entry_sh                            0x08000279   Thumb Code     0  rtentry4.o(.ARM.Collect$$rtentry$$00000004)
    __rt_entry_li                            0x0800027f   Thumb Code     0  rtentry2.o(.ARM.Collect$$rtentry$$0000000A)
    __rt_entry_postsh_1                      0x0800027f   Thumb Code     0  rtentry2.o(.ARM.Collect$$rtentry$$00000009)
    __rt_entry_main                          0x08000283   Thumb Code     0  rtentry2.o(.ARM.Collect$$rtentry$$0000000D)
    __rt_entry_postli_1                      0x08000283   Thumb Code     0  rtentry2.o(.ARM.Collect$$rtentry$$0000000C)
    __rt_exit                                0x0800028b   Thumb Code     0  rtexit.o(.ARM.Collect$$rtexit$$00000000)
    __rt_exit_ls                             0x0800028d   Thumb Code     0  rtexit2.o(.ARM.Collect$$rtexit$$00000003)
    __rt_exit_prels_1                        0x0800028d   Thumb Code     0  rtexit2.o(.ARM.Collect$$rtexit$$00000002)
    __rt_exit_exit                           0x08000291   Thumb Code     0  rtexit2.o(.ARM.Collect$$rtexit$$00000004)
    main                                     0x08000299   Thumb Code   414  main.o(.text)
    NMI_Handler                              0x0800049d   Thumb Code     2  stm32f4xx_it.o(.text)
    HardFault_Handler                        0x0800049f   Thumb Code     4  stm32f4xx_it.o(.text)
    MemManage_Handler                        0x080004a3   Thumb Code     4  stm32f4xx_it.o(.text)
    BusFault_Handler                         0x080004a7   Thumb Code     4  stm32f4xx_it.o(.text)
    UsageFault_Handler                       0x080004ab   Thumb Code     4  stm32f4xx_it.o(.text)
    SVC_Handler                              0x080004af   Thumb Code     2  stm32f4xx_it.o(.text)
    DebugMon_Handler                         0x080004b1   Thumb Code     2  stm32f4xx_it.o(.text)
    PendSV_Handler                           0x080004b3   Thumb Code     2  stm32f4xx_it.o(.text)
    SystemInit                               0x08000591   Thumb Code    88  system_stm32f4xx.o(.text)
    SystemCoreClockUpdate                    0x080005e9   Thumb Code   174  system_stm32f4xx.o(.text)
    Reset_Handler                            0x080006c5   Thumb Code     8  startup_stm32f40_41xxx.o(.text)
    ADC_IRQHandler                           0x080006df   Thumb Code     0  startup_stm32f40_41xxx.o(.text)
    CAN1_RX0_IRQHandler                      0x080006df   Thumb Code     0  startup_stm32f40_41xxx.o(.text)
    CAN1_RX1_IRQHandler                      0x080006df   Thumb Code     0  startup_stm32f40_41xxx.o(.text)
    CAN1_SCE_IRQHandler                      0x080006df   Thumb Code     0  startup_stm32f40_41xxx.o(.text)
    CAN1_TX_IRQHandler                       0x080006df   Thumb Code     0  startup_stm32f40_41xxx.o(.text)
    CAN2_RX0_IRQHandler                      0x080006df   Thumb Code     0  startup_stm32f40_41xxx.o(.text)
    CAN2_RX1_IRQHandler                      0x080006df   Thumb Code     0  startup_stm32f40_41xxx.o(.text)
    CAN2_SCE_IRQHandler                      0x080006df   Thumb Code     0  startup_stm32f40_41xxx.o(.text)
    CAN2_TX_IRQHandler                       0x080006df   Thumb Code     0  startup_stm32f40_41xxx.o(.text)
    CRYP_IRQHandler                          0x080006df   Thumb Code     0  startup_stm32f40_41xxx.o(.text)
    DCMI_IRQHandler                          0x080006df   Thumb Code     0  startup_stm32f40_41xxx.o(.text)
    DMA1_Stream0_IRQHandler                  0x080006df   Thumb Code     0  startup_stm32f40_41xxx.o(.text)
    DMA1_Stream1_IRQHandler                  0x080006df   Thumb Code     0  startup_stm32f40_41xxx.o(.text)
    DMA1_Stream2_IRQHandler                  0x080006df   Thumb Code     0  startup_stm32f40_41xxx.o(.text)
    DMA1_Stream3_IRQHandler                  0x080006df   Thumb Code     0  startup_stm32f40_41xxx.o(.text)
    DMA1_Stream4_IRQHandler                  0x080006df   Thumb Code     0  startup_stm32f40_41xxx.o(.text)
    DMA1_Stream5_IRQHandler                  0x080006df   Thumb Code     0  startup_stm32f40_41xxx.o(.text)
    DMA1_Stream6_IRQHandler                  0x080006df   Thumb Code     0  startup_stm32f40_41xxx.o(.text)
    DMA1_Stream7_IRQHandler                  0x080006df   Thumb Code     0  startup_stm32f40_41xxx.o(.text)
    DMA2_Stream0_IRQHandler                  0x080006df   Thumb Code     0  startup_stm32f40_41xxx.o(.text)
    DMA2_Stream1_IRQHandler                  0x080006df   Thumb Code     0  startup_stm32f40_41xxx.o(.text)
    DMA2_Stream2_IRQHandler                  0x080006df   Thumb Code     0  startup_stm32f40_41xxx.o(.text)
    DMA2_Stream3_IRQHandler                  0x080006df   Thumb Code     0  startup_stm32f40_41xxx.o(.text)
    DMA2_Stream4_IRQHandler                  0x080006df   Thumb Code     0  startup_stm32f40_41xxx.o(.text)
    DMA2_Stream5_IRQHandler                  0x080006df   Thumb Code     0  startup_stm32f40_41xxx.o(.text)
    DMA2_Stream6_IRQHandler                  0x080006df   Thumb Code     0  startup_stm32f40_41xxx.o(.text)
    DMA2_Stream7_IRQHandler                  0x080006df   Thumb Code     0  startup_stm32f40_41xxx.o(.text)
    ETH_IRQHandler                           0x080006df   Thumb Code     0  startup_stm32f40_41xxx.o(.text)
    ETH_WKUP_IRQHandler                      0x080006df   Thumb Code     0  startup_stm32f40_41xxx.o(.text)
    EXTI0_IRQHandler                         0x080006df   Thumb Code     0  startup_stm32f40_41xxx.o(.text)
    EXTI15_10_IRQHandler                     0x080006df   Thumb Code     0  startup_stm32f40_41xxx.o(.text)
    EXTI2_IRQHandler                         0x080006df   Thumb Code     0  startup_stm32f40_41xxx.o(.text)
    EXTI3_IRQHandler                         0x080006df   Thumb Code     0  startup_stm32f40_41xxx.o(.text)
    EXTI4_IRQHandler                         0x080006df   Thumb Code     0  startup_stm32f40_41xxx.o(.text)
    EXTI9_5_IRQHandler                       0x080006df   Thumb Code     0  startup_stm32f40_41xxx.o(.text)
    FLASH_IRQHandler                         0x080006df   Thumb Code     0  startup_stm32f40_41xxx.o(.text)
    FPU_IRQHandler                           0x080006df   Thumb Code     0  startup_stm32f40_41xxx.o(.text)
    FSMC_IRQHandler                          0x080006df   Thumb Code     0  startup_stm32f40_41xxx.o(.text)
    HASH_RNG_IRQHandler                      0x080006df   Thumb Code     0  startup_stm32f40_41xxx.o(.text)
    I2C1_ER_IRQHandler                       0x080006df   Thumb Code     0  startup_stm32f40_41xxx.o(.text)
    I2C1_EV_IRQHandler                       0x080006df   Thumb Code     0  startup_stm32f40_41xxx.o(.text)
    I2C2_ER_IRQHandler                       0x080006df   Thumb Code     0  startup_stm32f40_41xxx.o(.text)
    I2C2_EV_IRQHandler                       0x080006df   Thumb Code     0  startup_stm32f40_41xxx.o(.text)
    I2C3_ER_IRQHandler                       0x080006df   Thumb Code     0  startup_stm32f40_41xxx.o(.text)
    I2C3_EV_IRQHandler                       0x080006df   Thumb Code     0  startup_stm32f40_41xxx.o(.text)
    OTG_FS_IRQHandler                        0x080006df   Thumb Code     0  startup_stm32f40_41xxx.o(.text)
    OTG_FS_WKUP_IRQHandler                   0x080006df   Thumb Code     0  startup_stm32f40_41xxx.o(.text)
    OTG_HS_EP1_IN_IRQHandler                 0x080006df   Thumb Code     0  startup_stm32f40_41xxx.o(.text)
    OTG_HS_EP1_OUT_IRQHandler                0x080006df   Thumb Code     0  startup_stm32f40_41xxx.o(.text)
    OTG_HS_IRQHandler                        0x080006df   Thumb Code     0  startup_stm32f40_41xxx.o(.text)
    OTG_HS_WKUP_IRQHandler                   0x080006df   Thumb Code     0  startup_stm32f40_41xxx.o(.text)
    PVD_IRQHandler                           0x080006df   Thumb Code     0  startup_stm32f40_41xxx.o(.text)
    RCC_IRQHandler                           0x080006df   Thumb Code     0  startup_stm32f40_41xxx.o(.text)
    RTC_Alarm_IRQHandler                     0x080006df   Thumb Code     0  startup_stm32f40_41xxx.o(.text)
    RTC_WKUP_IRQHandler                      0x080006df   Thumb Code     0  startup_stm32f40_41xxx.o(.text)
    SDIO_IRQHandler                          0x080006df   Thumb Code     0  startup_stm32f40_41xxx.o(.text)
    SPI1_IRQHandler                          0x080006df   Thumb Code     0  startup_stm32f40_41xxx.o(.text)
    SPI2_IRQHandler                          0x080006df   Thumb Code     0  startup_stm32f40_41xxx.o(.text)
    SPI3_IRQHandler                          0x080006df   Thumb Code     0  startup_stm32f40_41xxx.o(.text)
    TAMP_STAMP_IRQHandler                    0x080006df   Thumb Code     0  startup_stm32f40_41xxx.o(.text)
    TIM1_BRK_TIM9_IRQHandler                 0x080006df   Thumb Code     0  startup_stm32f40_41xxx.o(.text)
    TIM1_CC_IRQHandler                       0x080006df   Thumb Code     0  startup_stm32f40_41xxx.o(.text)
    TIM1_TRG_COM_TIM11_IRQHandler            0x080006df   Thumb Code     0  startup_stm32f40_41xxx.o(.text)
    TIM1_UP_TIM10_IRQHandler                 0x080006df   Thumb Code     0  startup_stm32f40_41xxx.o(.text)
    TIM2_IRQHandler                          0x080006df   Thumb Code     0  startup_stm32f40_41xxx.o(.text)
    TIM3_IRQHandler                          0x080006df   Thumb Code     0  startup_stm32f40_41xxx.o(.text)
    TIM4_IRQHandler                          0x080006df   Thumb Code     0  startup_stm32f40_41xxx.o(.text)
    TIM5_IRQHandler                          0x080006df   Thumb Code     0  startup_stm32f40_41xxx.o(.text)
    TIM6_DAC_IRQHandler                      0x080006df   Thumb Code     0  startup_stm32f40_41xxx.o(.text)
    TIM7_IRQHandler                          0x080006df   Thumb Code     0  startup_stm32f40_41xxx.o(.text)
    TIM8_BRK_TIM12_IRQHandler                0x080006df   Thumb Code     0  startup_stm32f40_41xxx.o(.text)
    TIM8_CC_IRQHandler                       0x080006df   Thumb Code     0  startup_stm32f40_41xxx.o(.text)
    TIM8_TRG_COM_TIM14_IRQHandler            0x080006df   Thumb Code     0  startup_stm32f40_41xxx.o(.text)
    UART4_IRQHandler                         0x080006df   Thumb Code     0  startup_stm32f40_41xxx.o(.text)
    UART5_IRQHandler                         0x080006df   Thumb Code     0  startup_stm32f40_41xxx.o(.text)
    USART6_IRQHandler                        0x080006df   Thumb Code     0  startup_stm32f40_41xxx.o(.text)
    WWDG_IRQHandler                          0x080006df   Thumb Code     0  startup_stm32f40_41xxx.o(.text)
    __user_initial_stackheap                 0x080006e1   Thumb Code     0  startup_stm32f40_41xxx.o(.text)
    NVIC_PriorityGroupConfig                 0x08000705   Thumb Code    10  misc.o(.text)
    NVIC_Init                                0x0800070f   Thumb Code   106  misc.o(.text)
    NVIC_SetVectorTable                      0x08000779   Thumb Code    14  misc.o(.text)
    NVIC_SystemLPConfig                      0x08000787   Thumb Code    34  misc.o(.text)
    SysTick_CLKSourceConfig                  0x080007a9   Thumb Code    40  misc.o(.text)
    ADC_DeInit                               0x080007e5   Thumb Code    22  stm32f4xx_adc.o(.text)
    ADC_Init                                 0x080007fb   Thumb Code    74  stm32f4xx_adc.o(.text)
    ADC_StructInit                           0x08000845   Thumb Code    20  stm32f4xx_adc.o(.text)
    ADC_CommonInit                           0x08000859   Thumb Code    34  stm32f4xx_adc.o(.text)
    ADC_CommonStructInit                     0x0800087b   Thumb Code    12  stm32f4xx_adc.o(.text)
    ADC_Cmd                                  0x08000887   Thumb Code    22  stm32f4xx_adc.o(.text)
    ADC_AnalogWatchdogCmd                    0x0800089d   Thumb Code    16  stm32f4xx_adc.o(.text)
    ADC_AnalogWatchdogThresholdsConfig       0x080008ad   Thumb Code     6  stm32f4xx_adc.o(.text)
    ADC_AnalogWatchdogSingleChannelConfig    0x080008b3   Thumb Code    16  stm32f4xx_adc.o(.text)
    ADC_TempSensorVrefintCmd                 0x080008c3   Thumb Code    34  stm32f4xx_adc.o(.text)
    ADC_VBATCmd                              0x080008e5   Thumb Code    34  stm32f4xx_adc.o(.text)
    ADC_RegularChannelConfig                 0x08000907   Thumb Code   184  stm32f4xx_adc.o(.text)
    ADC_SoftwareStartConv                    0x080009bf   Thumb Code    10  stm32f4xx_adc.o(.text)
    ADC_GetSoftwareStartConvStatus           0x080009c9   Thumb Code    20  stm32f4xx_adc.o(.text)
    ADC_EOCOnEachRegularChannelCmd           0x080009dd   Thumb Code    22  stm32f4xx_adc.o(.text)
    ADC_ContinuousModeCmd                    0x080009f3   Thumb Code    22  stm32f4xx_adc.o(.text)
    ADC_DiscModeChannelCountConfig           0x08000a09   Thumb Code    24  stm32f4xx_adc.o(.text)
    ADC_DiscModeCmd                          0x08000a21   Thumb Code    22  stm32f4xx_adc.o(.text)
    ADC_GetConversionValue                   0x08000a37   Thumb Code     8  stm32f4xx_adc.o(.text)
    ADC_GetMultiModeConversionValue          0x08000a3f   Thumb Code     8  stm32f4xx_adc.o(.text)
    ADC_DMACmd                               0x08000a47   Thumb Code    22  stm32f4xx_adc.o(.text)
    ADC_DMARequestAfterLastTransferCmd       0x08000a5d   Thumb Code    22  stm32f4xx_adc.o(.text)
    ADC_MultiModeDMARequestAfterLastTransferCmd 0x08000a73   Thumb Code    34  stm32f4xx_adc.o(.text)
    ADC_InjectedChannelConfig                0x08000a95   Thumb Code   130  stm32f4xx_adc.o(.text)
    ADC_InjectedSequencerLengthConfig        0x08000b17   Thumb Code    24  stm32f4xx_adc.o(.text)
    ADC_SetInjectedOffset                    0x08000b2f   Thumb Code    20  stm32f4xx_adc.o(.text)
    ADC_ExternalTrigInjectedConvConfig       0x08000b43   Thumb Code    16  stm32f4xx_adc.o(.text)
    ADC_ExternalTrigInjectedConvEdgeConfig   0x08000b53   Thumb Code    16  stm32f4xx_adc.o(.text)
    ADC_SoftwareStartInjectedConv            0x08000b63   Thumb Code    10  stm32f4xx_adc.o(.text)
    ADC_GetSoftwareStartInjectedConvCmdStatus 0x08000b6d   Thumb Code    20  stm32f4xx_adc.o(.text)
    ADC_AutoInjectedConvCmd                  0x08000b81   Thumb Code    22  stm32f4xx_adc.o(.text)
    ADC_InjectedDiscModeCmd                  0x08000b97   Thumb Code    22  stm32f4xx_adc.o(.text)
    ADC_GetInjectedConversionValue           0x08000bad   Thumb Code    28  stm32f4xx_adc.o(.text)
    ADC_ITConfig                             0x08000bc9   Thumb Code    56  stm32f4xx_adc.o(.text)
    ADC_GetFlagStatus                        0x08000c01   Thumb Code    18  stm32f4xx_adc.o(.text)
    ADC_ClearFlag                            0x08000c13   Thumb Code     6  stm32f4xx_adc.o(.text)
    ADC_GetITStatus                          0x08000c19   Thumb Code    38  stm32f4xx_adc.o(.text)
    ADC_ClearITPendingBit                    0x08000c3f   Thumb Code    10  stm32f4xx_adc.o(.text)
    DMA_DeInit                               0x08000c49   Thumb Code   324  stm32f4xx_dma.o(.text)
    DMA_Init                                 0x08000d8d   Thumb Code    82  stm32f4xx_dma.o(.text)
    DMA_StructInit                           0x08000ddf   Thumb Code    34  stm32f4xx_dma.o(.text)
    DMA_Cmd                                  0x08000e01   Thumb Code    22  stm32f4xx_dma.o(.text)
    DMA_PeriphIncOffsetSizeConfig            0x08000e17   Thumb Code    22  stm32f4xx_dma.o(.text)
    DMA_FlowControllerConfig                 0x08000e2d   Thumb Code    22  stm32f4xx_dma.o(.text)
    DMA_SetCurrDataCounter                   0x08000e43   Thumb Code     4  stm32f4xx_dma.o(.text)
    DMA_GetCurrDataCounter                   0x08000e47   Thumb Code     8  stm32f4xx_dma.o(.text)
    DMA_DoubleBufferModeConfig               0x08000e4f   Thumb Code    24  stm32f4xx_dma.o(.text)
    DMA_DoubleBufferModeCmd                  0x08000e67   Thumb Code    22  stm32f4xx_dma.o(.text)
    DMA_MemoryTargetConfig                   0x08000e7d   Thumb Code    10  stm32f4xx_dma.o(.text)
    DMA_GetCurrentMemoryTarget               0x08000e87   Thumb Code    20  stm32f4xx_dma.o(.text)
    DMA_GetCmdStatus                         0x08000e9b   Thumb Code    20  stm32f4xx_dma.o(.text)
    DMA_GetFIFOStatus                        0x08000eaf   Thumb Code    12  stm32f4xx_dma.o(.text)
    DMA_GetFlagStatus                        0x08000ebb   Thumb Code    56  stm32f4xx_dma.o(.text)
    DMA_ClearFlag                            0x08000ef3   Thumb Code    40  stm32f4xx_dma.o(.text)
    DMA_ITConfig                             0x08000f1b   Thumb Code    58  stm32f4xx_dma.o(.text)
    DMA_GetITStatus                          0x08000f55   Thumb Code    84  stm32f4xx_dma.o(.text)
    DMA_ClearITPendingBit                    0x08000fa9   Thumb Code    40  stm32f4xx_dma.o(.text)
    EXTI_DeInit                              0x08000ff1   Thumb Code    28  stm32f4xx_exti.o(.text)
    EXTI_Init                                0x0800100d   Thumb Code   142  stm32f4xx_exti.o(.text)
    EXTI_StructInit                          0x0800109b   Thumb Code    16  stm32f4xx_exti.o(.text)
    EXTI_GenerateSWInterrupt                 0x080010ab   Thumb Code    16  stm32f4xx_exti.o(.text)
    EXTI_GetFlagStatus                       0x080010bb   Thumb Code    22  stm32f4xx_exti.o(.text)
    EXTI_ClearFlag                           0x080010d1   Thumb Code     8  stm32f4xx_exti.o(.text)
    EXTI_GetITStatus                         0x080010d9   Thumb Code    22  stm32f4xx_exti.o(.text)
    EXTI_ClearITPendingBit                   0x080010ef   Thumb Code     8  stm32f4xx_exti.o(.text)
    GPIO_DeInit                              0x08001101   Thumb Code   268  stm32f4xx_gpio.o(.text)
    GPIO_Init                                0x0800120d   Thumb Code   144  stm32f4xx_gpio.o(.text)
    GPIO_StructInit                          0x0800129d   Thumb Code    18  stm32f4xx_gpio.o(.text)
    GPIO_PinLockConfig                       0x080012af   Thumb Code    34  stm32f4xx_gpio.o(.text)
    GPIO_ReadInputDataBit                    0x080012d1   Thumb Code    18  stm32f4xx_gpio.o(.text)
    GPIO_ReadInputData                       0x080012e3   Thumb Code     8  stm32f4xx_gpio.o(.text)
    GPIO_ReadOutputDataBit                   0x080012eb   Thumb Code    18  stm32f4xx_gpio.o(.text)
    GPIO_ReadOutputData                      0x080012fd   Thumb Code     8  stm32f4xx_gpio.o(.text)
    GPIO_SetBits                             0x08001305   Thumb Code     4  stm32f4xx_gpio.o(.text)
    GPIO_ResetBits                           0x08001309   Thumb Code     4  stm32f4xx_gpio.o(.text)
    GPIO_WriteBit                            0x0800130d   Thumb Code    10  stm32f4xx_gpio.o(.text)
    GPIO_Write                               0x08001317   Thumb Code     4  stm32f4xx_gpio.o(.text)
    GPIO_ToggleBits                          0x0800131b   Thumb Code     8  stm32f4xx_gpio.o(.text)
    GPIO_PinAFConfig                         0x08001323   Thumb Code    70  stm32f4xx_gpio.o(.text)
    RCC_DeInit                               0x08001395   Thumb Code    82  stm32f4xx_rcc.o(.text)
    RCC_HSEConfig                            0x080013e7   Thumb Code    14  stm32f4xx_rcc.o(.text)
    RCC_GetFlagStatus                        0x080013f5   Thumb Code    60  stm32f4xx_rcc.o(.text)
    RCC_WaitForHSEStartUp                    0x08001431   Thumb Code    56  stm32f4xx_rcc.o(.text)
    RCC_AdjustHSICalibrationValue            0x08001469   Thumb Code    20  stm32f4xx_rcc.o(.text)
    RCC_HSICmd                               0x0800147d   Thumb Code     6  stm32f4xx_rcc.o(.text)
    RCC_LSEConfig                            0x08001483   Thumb Code    46  stm32f4xx_rcc.o(.text)
    RCC_LSICmd                               0x080014b1   Thumb Code     6  stm32f4xx_rcc.o(.text)
    RCC_PLLConfig                            0x080014b7   Thumb Code    32  stm32f4xx_rcc.o(.text)
    RCC_PLLCmd                               0x080014d7   Thumb Code     6  stm32f4xx_rcc.o(.text)
    RCC_PLLI2SConfig                         0x080014dd   Thumb Code    14  stm32f4xx_rcc.o(.text)
    RCC_PLLI2SCmd                            0x080014eb   Thumb Code     6  stm32f4xx_rcc.o(.text)
    RCC_PLLSAIConfig                         0x080014f1   Thumb Code    20  stm32f4xx_rcc.o(.text)
    RCC_PLLSAICmd                            0x08001505   Thumb Code     6  stm32f4xx_rcc.o(.text)
    RCC_ClockSecuritySystemCmd               0x0800150b   Thumb Code     6  stm32f4xx_rcc.o(.text)
    RCC_MCO1Config                           0x08001511   Thumb Code    28  stm32f4xx_rcc.o(.text)
    RCC_MCO2Config                           0x0800152d   Thumb Code    28  stm32f4xx_rcc.o(.text)
    RCC_SYSCLKConfig                         0x08001549   Thumb Code    20  stm32f4xx_rcc.o(.text)
    RCC_GetSYSCLKSource                      0x0800155d   Thumb Code    12  stm32f4xx_rcc.o(.text)
    RCC_HCLKConfig                           0x08001569   Thumb Code    20  stm32f4xx_rcc.o(.text)
    RCC_PCLK1Config                          0x0800157d   Thumb Code    20  stm32f4xx_rcc.o(.text)
    RCC_PCLK2Config                          0x08001591   Thumb Code    22  stm32f4xx_rcc.o(.text)
    RCC_GetClocksFreq                        0x080015a7   Thumb Code   222  stm32f4xx_rcc.o(.text)
    RCC_RTCCLKConfig                         0x08001685   Thumb Code    54  stm32f4xx_rcc.o(.text)
    RCC_RTCCLKCmd                            0x080016bb   Thumb Code     8  stm32f4xx_rcc.o(.text)
    RCC_BackupResetCmd                       0x080016c3   Thumb Code     8  stm32f4xx_rcc.o(.text)
    RCC_I2SCLKConfig                         0x080016cb   Thumb Code     6  stm32f4xx_rcc.o(.text)
    RCC_SAIPLLI2SClkDivConfig                0x080016d1   Thumb Code    26  stm32f4xx_rcc.o(.text)
    RCC_SAIPLLSAIClkDivConfig                0x080016eb   Thumb Code    28  stm32f4xx_rcc.o(.text)
    RCC_SAIBlockACLKConfig                   0x08001707   Thumb Code    20  stm32f4xx_rcc.o(.text)
    RCC_SAIBlockBCLKConfig                   0x0800171b   Thumb Code    20  stm32f4xx_rcc.o(.text)
    RCC_LTDCCLKDivConfig                     0x0800172f   Thumb Code    20  stm32f4xx_rcc.o(.text)
    RCC_TIMCLKPresConfig                     0x08001743   Thumb Code     6  stm32f4xx_rcc.o(.text)
    RCC_AHB1PeriphClockCmd                   0x08001749   Thumb Code    34  stm32f4xx_rcc.o(.text)
    RCC_AHB2PeriphClockCmd                   0x0800176b   Thumb Code    78  stm32f4xx_rcc.o(.text)
    RCC_AHB3PeriphClockCmd                   0x080017b9   Thumb Code    34  stm32f4xx_rcc.o(.text)
    RCC_APB1PeriphClockCmd                   0x080017db   Thumb Code    34  stm32f4xx_rcc.o(.text)
    RCC_APB2PeriphClockCmd                   0x080017fd   Thumb Code    34  stm32f4xx_rcc.o(.text)
    RCC_AHB1PeriphResetCmd                   0x0800181f   Thumb Code    34  stm32f4xx_rcc.o(.text)
    RCC_AHB2PeriphResetCmd                   0x08001841   Thumb Code    34  stm32f4xx_rcc.o(.text)
    RCC_AHB3PeriphResetCmd                   0x08001863   Thumb Code    34  stm32f4xx_rcc.o(.text)
    RCC_APB1PeriphResetCmd                   0x08001885   Thumb Code    34  stm32f4xx_rcc.o(.text)
    RCC_APB2PeriphResetCmd                   0x080018a7   Thumb Code    34  stm32f4xx_rcc.o(.text)
    RCC_AHB1PeriphClockLPModeCmd             0x080018c9   Thumb Code    34  stm32f4xx_rcc.o(.text)
    RCC_AHB2PeriphClockLPModeCmd             0x080018eb   Thumb Code    34  stm32f4xx_rcc.o(.text)
    RCC_AHB3PeriphClockLPModeCmd             0x0800190d   Thumb Code    34  stm32f4xx_rcc.o(.text)
    RCC_APB1PeriphClockLPModeCmd             0x0800192f   Thumb Code    34  stm32f4xx_rcc.o(.text)
    RCC_APB2PeriphClockLPModeCmd             0x08001951   Thumb Code    34  stm32f4xx_rcc.o(.text)
    RCC_LSEModeConfig                        0x08001973   Thumb Code    40  stm32f4xx_rcc.o(.text)
    RCC_ITConfig                             0x0800199b   Thumb Code    34  stm32f4xx_rcc.o(.text)
    RCC_ClearFlag                            0x080019bd   Thumb Code    18  stm32f4xx_rcc.o(.text)
    RCC_GetITStatus                          0x080019cf   Thumb Code    22  stm32f4xx_rcc.o(.text)
    RCC_ClearITPendingBit                    0x080019e5   Thumb Code     8  stm32f4xx_rcc.o(.text)
    SYSCFG_DeInit                            0x080019f1   Thumb Code    22  stm32f4xx_syscfg.o(.text)
    SYSCFG_MemoryRemapConfig                 0x08001a07   Thumb Code     6  stm32f4xx_syscfg.o(.text)
    SYSCFG_MemorySwappingBank                0x08001a0d   Thumb Code     6  stm32f4xx_syscfg.o(.text)
    SYSCFG_EXTILineConfig                    0x08001a13   Thumb Code    66  stm32f4xx_syscfg.o(.text)
    SYSCFG_ETH_MediaInterfaceConfig          0x08001a55   Thumb Code     8  stm32f4xx_syscfg.o(.text)
    SYSCFG_CompensationCellCmd               0x08001a5d   Thumb Code     6  stm32f4xx_syscfg.o(.text)
    SYSCFG_GetCompensationCellStatus         0x08001a63   Thumb Code    22  stm32f4xx_syscfg.o(.text)
    TIM_DeInit                               0x08001a85   Thumb Code   346  stm32f4xx_tim.o(.text)
    TIM_TimeBaseInit                         0x08001bdf   Thumb Code   104  stm32f4xx_tim.o(.text)
    TIM_TimeBaseStructInit                   0x08001c47   Thumb Code    18  stm32f4xx_tim.o(.text)
    TIM_PrescalerConfig                      0x08001c59   Thumb Code     6  stm32f4xx_tim.o(.text)
    TIM_CounterModeConfig                    0x08001c5f   Thumb Code    18  stm32f4xx_tim.o(.text)
    TIM_SetCounter                           0x08001c71   Thumb Code     4  stm32f4xx_tim.o(.text)
    TIM_SetAutoreload                        0x08001c75   Thumb Code     4  stm32f4xx_tim.o(.text)
    TIM_GetCounter                           0x08001c79   Thumb Code     6  stm32f4xx_tim.o(.text)
    TIM_GetPrescaler                         0x08001c7f   Thumb Code     6  stm32f4xx_tim.o(.text)
    TIM_UpdateDisableConfig                  0x08001c85   Thumb Code    24  stm32f4xx_tim.o(.text)
    TIM_UpdateRequestConfig                  0x08001c9d   Thumb Code    24  stm32f4xx_tim.o(.text)
    TIM_ARRPreloadConfig                     0x08001cb5   Thumb Code    24  stm32f4xx_tim.o(.text)
    TIM_SelectOnePulseMode                   0x08001ccd   Thumb Code    18  stm32f4xx_tim.o(.text)
    TIM_SetClockDivision                     0x08001cdf   Thumb Code    18  stm32f4xx_tim.o(.text)
    TIM_Cmd                                  0x08001cf1   Thumb Code    24  stm32f4xx_tim.o(.text)
    TIM_OC1Init                              0x08001d09   Thumb Code   114  stm32f4xx_tim.o(.text)
    TIM_OC2Init                              0x08001d7b   Thumb Code   154  stm32f4xx_tim.o(.text)
    TIM_OC3Init                              0x08001e15   Thumb Code   204  stm32f4xx_tim.o(.text)
    TIM_OC4Init                              0x08001ee1   Thumb Code   112  stm32f4xx_tim.o(.text)
    TIM_OCStructInit                         0x08001f51   Thumb Code    20  stm32f4xx_tim.o(.text)
    TIM_SelectOCxM                           0x08001f65   Thumb Code    86  stm32f4xx_tim.o(.text)
    TIM_SetCompare1                          0x08001fbb   Thumb Code     4  stm32f4xx_tim.o(.text)
    TIM_SetCompare2                          0x08001fbf   Thumb Code     4  stm32f4xx_tim.o(.text)
    TIM_SetCompare3                          0x08001fc3   Thumb Code     4  stm32f4xx_tim.o(.text)
    TIM_SetCompare4                          0x08001fc7   Thumb Code     4  stm32f4xx_tim.o(.text)
    TIM_ForcedOC1Config                      0x08001fcb   Thumb Code    18  stm32f4xx_tim.o(.text)
    TIM_ForcedOC2Config                      0x08001fdd   Thumb Code    26  stm32f4xx_tim.o(.text)
    TIM_ForcedOC3Config                      0x08001ff7   Thumb Code    18  stm32f4xx_tim.o(.text)
    TIM_ForcedOC4Config                      0x08002009   Thumb Code    26  stm32f4xx_tim.o(.text)
    TIM_OC1PreloadConfig                     0x08002023   Thumb Code    18  stm32f4xx_tim.o(.text)
    TIM_OC2PreloadConfig                     0x08002035   Thumb Code    26  stm32f4xx_tim.o(.text)
    TIM_OC3PreloadConfig                     0x0800204f   Thumb Code    18  stm32f4xx_tim.o(.text)
    TIM_OC4PreloadConfig                     0x08002061   Thumb Code    26  stm32f4xx_tim.o(.text)
    TIM_OC1FastConfig                        0x0800207b   Thumb Code    18  stm32f4xx_tim.o(.text)
    TIM_OC2FastConfig                        0x0800208d   Thumb Code    26  stm32f4xx_tim.o(.text)
    TIM_OC3FastConfig                        0x080020a7   Thumb Code    18  stm32f4xx_tim.o(.text)
    TIM_OC4FastConfig                        0x080020b9   Thumb Code    26  stm32f4xx_tim.o(.text)
    TIM_ClearOC1Ref                          0x080020d3   Thumb Code    18  stm32f4xx_tim.o(.text)
    TIM_ClearOC2Ref                          0x080020e5   Thumb Code    24  stm32f4xx_tim.o(.text)
    TIM_ClearOC3Ref                          0x080020fd   Thumb Code    18  stm32f4xx_tim.o(.text)
    TIM_ClearOC4Ref                          0x0800210f   Thumb Code    24  stm32f4xx_tim.o(.text)
    TIM_OC1PolarityConfig                    0x08002127   Thumb Code    18  stm32f4xx_tim.o(.text)
    TIM_OC1NPolarityConfig                   0x08002139   Thumb Code    18  stm32f4xx_tim.o(.text)
    TIM_OC2PolarityConfig                    0x0800214b   Thumb Code    26  stm32f4xx_tim.o(.text)
    TIM_OC2NPolarityConfig                   0x08002165   Thumb Code    26  stm32f4xx_tim.o(.text)
    TIM_OC3PolarityConfig                    0x0800217f   Thumb Code    26  stm32f4xx_tim.o(.text)
    TIM_OC3NPolarityConfig                   0x08002199   Thumb Code    26  stm32f4xx_tim.o(.text)
    TIM_OC4PolarityConfig                    0x080021b3   Thumb Code    26  stm32f4xx_tim.o(.text)
    TIM_CCxCmd                               0x080021cd   Thumb Code    30  stm32f4xx_tim.o(.text)
    TIM_CCxNCmd                              0x080021eb   Thumb Code    30  stm32f4xx_tim.o(.text)
    TIM_SetIC4Prescaler                      0x08002209   Thumb Code    26  stm32f4xx_tim.o(.text)
    TIM_SetIC3Prescaler                      0x08002273   Thumb Code    18  stm32f4xx_tim.o(.text)
    TIM_SetIC2Prescaler                      0x080022cd   Thumb Code    26  stm32f4xx_tim.o(.text)
    TIM_SetIC1Prescaler                      0x08002341   Thumb Code    18  stm32f4xx_tim.o(.text)
    TIM_ICInit                               0x0800238d   Thumb Code   110  stm32f4xx_tim.o(.text)
    TIM_ICStructInit                         0x080023fb   Thumb Code    18  stm32f4xx_tim.o(.text)
    TIM_PWMIConfig                           0x0800240d   Thumb Code   124  stm32f4xx_tim.o(.text)
    TIM_GetCapture1                          0x08002489   Thumb Code     6  stm32f4xx_tim.o(.text)
    TIM_GetCapture2                          0x0800248f   Thumb Code     6  stm32f4xx_tim.o(.text)
    TIM_GetCapture3                          0x08002495   Thumb Code     6  stm32f4xx_tim.o(.text)
    TIM_GetCapture4                          0x0800249b   Thumb Code     6  stm32f4xx_tim.o(.text)
    TIM_BDTRConfig                           0x080024a1   Thumb Code    32  stm32f4xx_tim.o(.text)
    TIM_BDTRStructInit                       0x080024c1   Thumb Code    18  stm32f4xx_tim.o(.text)
    TIM_CtrlPWMOutputs                       0x080024d3   Thumb Code    30  stm32f4xx_tim.o(.text)
    TIM_SelectCOM                            0x080024f1   Thumb Code    24  stm32f4xx_tim.o(.text)
    TIM_CCPreloadControl                     0x08002509   Thumb Code    24  stm32f4xx_tim.o(.text)
    TIM_ITConfig                             0x08002521   Thumb Code    18  stm32f4xx_tim.o(.text)
    TIM_GenerateEvent                        0x08002533   Thumb Code     4  stm32f4xx_tim.o(.text)
    TIM_GetFlagStatus                        0x08002537   Thumb Code    18  stm32f4xx_tim.o(.text)
    TIM_ClearFlag                            0x08002549   Thumb Code     6  stm32f4xx_tim.o(.text)
    TIM_GetITStatus                          0x0800254f   Thumb Code    34  stm32f4xx_tim.o(.text)
    TIM_ClearITPendingBit                    0x08002571   Thumb Code     6  stm32f4xx_tim.o(.text)
    TIM_DMAConfig                            0x08002577   Thumb Code    10  stm32f4xx_tim.o(.text)
    TIM_DMACmd                               0x08002581   Thumb Code    18  stm32f4xx_tim.o(.text)
    TIM_SelectCCDMA                          0x08002593   Thumb Code    24  stm32f4xx_tim.o(.text)
    TIM_InternalClockConfig                  0x080025ab   Thumb Code    12  stm32f4xx_tim.o(.text)
    TIM_SelectInputTrigger                   0x080025b7   Thumb Code    18  stm32f4xx_tim.o(.text)
    TIM_ITRxExternalClockConfig              0x080025c9   Thumb Code    24  stm32f4xx_tim.o(.text)
    TIM_TIxExternalClockConfig               0x080025e1   Thumb Code    62  stm32f4xx_tim.o(.text)
    TIM_ETRConfig                            0x0800261f   Thumb Code    28  stm32f4xx_tim.o(.text)
    TIM_ETRClockMode1Config                  0x0800263b   Thumb Code    54  stm32f4xx_tim.o(.text)
    TIM_ETRClockMode2Config                  0x08002671   Thumb Code    32  stm32f4xx_tim.o(.text)
    TIM_SelectOutputTrigger                  0x08002691   Thumb Code    18  stm32f4xx_tim.o(.text)
    TIM_SelectSlaveMode                      0x080026a3   Thumb Code    18  stm32f4xx_tim.o(.text)
    TIM_SelectMasterSlaveMode                0x080026b5   Thumb Code    18  stm32f4xx_tim.o(.text)
    TIM_EncoderInterfaceConfig               0x080026c7   Thumb Code    66  stm32f4xx_tim.o(.text)
    TIM_SelectHallSensor                     0x08002709   Thumb Code    24  stm32f4xx_tim.o(.text)
    TIM_RemapConfig                          0x08002721   Thumb Code     6  stm32f4xx_tim.o(.text)
    USART_DeInit                             0x08002729   Thumb Code   206  stm32f4xx_usart.o(.text)
    USART_Init                               0x080027f7   Thumb Code   204  stm32f4xx_usart.o(.text)
    USART_StructInit                         0x080028c3   Thumb Code    24  stm32f4xx_usart.o(.text)
    USART_ClockInit                          0x080028db   Thumb Code    32  stm32f4xx_usart.o(.text)
    USART_ClockStructInit                    0x080028fb   Thumb Code    12  stm32f4xx_usart.o(.text)
    USART_Cmd                                0x08002907   Thumb Code    24  stm32f4xx_usart.o(.text)
    USART_SetPrescaler                       0x0800291f   Thumb Code    16  stm32f4xx_usart.o(.text)
    USART_OverSampling8Cmd                   0x0800292f   Thumb Code    22  stm32f4xx_usart.o(.text)
    USART_OneBitMethodCmd                    0x08002945   Thumb Code    24  stm32f4xx_usart.o(.text)
    USART_SendData                           0x0800295d   Thumb Code     8  stm32f4xx_usart.o(.text)
    USART_ReceiveData                        0x08002965   Thumb Code    10  stm32f4xx_usart.o(.text)
    USART_SetAddress                         0x0800296f   Thumb Code    18  stm32f4xx_usart.o(.text)
    USART_ReceiverWakeUpCmd                  0x08002981   Thumb Code    24  stm32f4xx_usart.o(.text)
    USART_WakeUpConfig                       0x08002999   Thumb Code    18  stm32f4xx_usart.o(.text)
    USART_LINBreakDetectLengthConfig         0x080029ab   Thumb Code    18  stm32f4xx_usart.o(.text)
    USART_LINCmd                             0x080029bd   Thumb Code    24  stm32f4xx_usart.o(.text)
    USART_SendBreak                          0x080029d5   Thumb Code    10  stm32f4xx_usart.o(.text)
    USART_HalfDuplexCmd                      0x080029df   Thumb Code    24  stm32f4xx_usart.o(.text)
    USART_SetGuardTime                       0x080029f7   Thumb Code    16  stm32f4xx_usart.o(.text)
    USART_SmartCardCmd                       0x08002a07   Thumb Code    24  stm32f4xx_usart.o(.text)
    USART_SmartCardNACKCmd                   0x08002a1f   Thumb Code    24  stm32f4xx_usart.o(.text)
    USART_IrDAConfig                         0x08002a37   Thumb Code    18  stm32f4xx_usart.o(.text)
    USART_IrDACmd                            0x08002a49   Thumb Code    24  stm32f4xx_usart.o(.text)
    USART_DMACmd                             0x08002a61   Thumb Code    18  stm32f4xx_usart.o(.text)
    USART_ITConfig                           0x08002a73   Thumb Code    74  stm32f4xx_usart.o(.text)
    USART_GetFlagStatus                      0x08002abd   Thumb Code    26  stm32f4xx_usart.o(.text)
    USART_ClearFlag                          0x08002ad7   Thumb Code    18  stm32f4xx_usart.o(.text)
    USART_GetITStatus                        0x08002ae9   Thumb Code   118  stm32f4xx_usart.o(.text)
    USART_ClearITPendingBit                  0x08002b5f   Thumb Code    30  stm32f4xx_usart.o(.text)
    _sys_exit                                0x08002b7d   Thumb Code     4  usart.o(.text)
    fputc                                    0x08002b81   Thumb Code    24  usart.o(.text)
    USART1_IRQHandler                        0x08002b99   Thumb Code    14  usart.o(.text)
    USART2_IRQHandler                        0x08002ba7   Thumb Code    14  usart.o(.text)
    USART3_IRQHandler                        0x08002bb5   Thumb Code    14  usart.o(.text)
    SysTick_Handler                          0x08002c8b   Thumb Code    20  delay.o(.text)
    getms                                    0x08002c9f   Thumb Code     8  delay.o(.text)
    getus                                    0x08002ca7   Thumb Code    78  delay.o(.text)
    delay_ms                                 0x08002cf5   Thumb Code    26  delay.o(.text)
    delay_us                                 0x08002d1f   Thumb Code    18  delay.o(.text)
    softdelay_calibrate                      0x08002d31   Thumb Code    78  delay.o(.text)
    set_board_systick                        0x08002d7f   Thumb Code    64  delay.o(.text)
    time_data_change                         0x08002dbf   Thumb Code   136  delay.o(.text)
    TIM8_UP_TIM13_IRQHandler                 0x08002fcd   Thumb Code    40  tim.o(.text)
    CalcVoltageMV                            0x08003701   Thumb Code    60  adc.o(.text)
    GetADCValue                              0x0800373d   Thumb Code   302  adc.o(.text)
    TransferData                             0x0800386b   Thumb Code    72  adc.o(.text)
    BatteryVoltageCheck                      0x080038b3   Thumb Code   138  adc.o(.text)
    EXTI1_IRQHandler                         0x08003b73   Thumb Code    40  gk105.o(.text)
    __use_no_semihosting                     0x08003bad   Thumb Code     2  use_no_semi_2.o(.text)
    __aeabi_uldivmod                         0x08003baf   Thumb Code     0  lludivv7m.o(.text)
    _ll_udiv                                 0x08003baf   Thumb Code   238  lludivv7m.o(.text)
    __2printf                                0x08003c9d   Thumb Code    20  noretval__2printf.o(.text)
    _printf_int_dec                          0x08003cb5   Thumb Code   100  _printf_dec.o(.text)
    _printf_longlong_dec                     0x08003d29   Thumb Code   104  _printf_longlong_dec.o(.text)
    __printf                                 0x08003da1   Thumb Code   352  __printf_ss_wp.o(.text)
    __aeabi_memcpy4                          0x08003f01   Thumb Code     0  rt_memcpy_w.o(.text)
    __aeabi_memcpy8                          0x08003f01   Thumb Code     0  rt_memcpy_w.o(.text)
    __rt_memcpy_w                            0x08003f01   Thumb Code   100  rt_memcpy_w.o(.text)
    _memcpy_lastbytes_aligned                0x08003f49   Thumb Code     0  rt_memcpy_w.o(.text)
    __use_two_region_memory                  0x08003f65   Thumb Code     2  heapauxi.o(.text)
    __rt_heap_escrow$2region                 0x08003f67   Thumb Code     2  heapauxi.o(.text)
    __rt_heap_expand$2region                 0x08003f69   Thumb Code     2  heapauxi.o(.text)
    __I$use$semihosting                      0x08003f6b   Thumb Code     0  use_no_semi.o(.text)
    __use_no_semihosting_swi                 0x08003f6b   Thumb Code     2  use_no_semi.o(.text)
    _ll_udiv10                               0x08003f6d   Thumb Code   138  lludiv10.o(.text)
    _printf_int_common                       0x08003ff7   Thumb Code   178  _printf_intcommon.o(.text)
    __lib_sel_fp_printf                      0x080040a9   Thumb Code     2  _printf_fp_dec.o(.text)
    _printf_fp_dec_real                      0x08004257   Thumb Code   616  _printf_fp_dec.o(.text)
    _printf_char_file                        0x080044c1   Thumb Code    32  _printf_char_file.o(.text)
    __rt_locale                              0x080044e5   Thumb Code     8  rt_locale_intlibspace.o(.text)
    _printf_char_common                      0x080044f7   Thumb Code    32  _printf_char_common.o(.text)
    _printf_fp_infnan                        0x0800451d   Thumb Code   112  _printf_fp_infnan.o(.text)
    _btod_etento                             0x0800459d   Thumb Code   212  bigflt0.o(.text)
    ferror                                   0x08004675   Thumb Code     8  ferror.o(.text)
    __user_libspace                          0x0800467d   Thumb Code     8  libspace.o(.text)
    __user_perproc_libspace                  0x0800467d   Thumb Code     0  libspace.o(.text)
    __user_perthread_libspace                0x0800467d   Thumb Code     0  libspace.o(.text)
    __user_setup_stackheap                   0x08004685   Thumb Code    74  sys_stackheap_outer.o(.text)
    exit                                     0x080046cf   Thumb Code    12  exit.o(.text)
    strcmp                                   0x080046dd   Thumb Code   128  strcmpv7m.o(.text)
    _btod_d2e                                0x0800475d   Thumb Code    62  btod.o(CL$$btod_d2e)
    _d2e_denorm_low                          0x0800479b   Thumb Code    70  btod.o(CL$$btod_d2e_denorm_low)
    _d2e_norm_op1                            0x080047e1   Thumb Code    96  btod.o(CL$$btod_d2e_norm_op1)
    __btod_div_common                        0x08004841   Thumb Code   696  btod.o(CL$$btod_div_common)
    _e2e                                     0x08004b79   Thumb Code   198  btod.o(CL$$btod_e2e)
    _btod_ediv                               0x08004c3f   Thumb Code    40  btod.o(CL$$btod_ediv)
    _btod_emul                               0x08004c67   Thumb Code    40  btod.o(CL$$btod_emul)
    __btod_mult_common                       0x08004c8f   Thumb Code   580  btod.o(CL$$btod_mult_common)
    __ARM_fpclassify                         0x08004ed3   Thumb Code    48  fpclassify.o(i.__ARM_fpclassify)
    _is_digit                                0x08004f03   Thumb Code    14  __printf_wp.o(i._is_digit)
    _get_lc_numeric                          0x08004f11   Thumb Code    44  lc_numeric_c.o(locale$$code)
    __aeabi_d2f                              0x08004f3d   Thumb Code     0  d2f.o(x$fpl$d2f)
    _d2f                                     0x08004f3d   Thumb Code    98  d2f.o(x$fpl$d2f)
    __aeabi_dadd                             0x08004fa1   Thumb Code     0  daddsub_clz.o(x$fpl$dadd)
    _dadd                                    0x08004fa1   Thumb Code   332  daddsub_clz.o(x$fpl$dadd)
    __aeabi_ddiv                             0x080050f1   Thumb Code     0  ddiv.o(x$fpl$ddiv)
    _ddiv                                    0x080050f1   Thumb Code   552  ddiv.o(x$fpl$ddiv)
    __aeabi_d2uiz                            0x080053a1   Thumb Code     0  dfixu.o(x$fpl$dfixu)
    _dfixu                                   0x080053a1   Thumb Code    90  dfixu.o(x$fpl$dfixu)
    __aeabi_ui2d                             0x080053fb   Thumb Code     0  dflt_clz.o(x$fpl$dfltu)
    _dfltu                                   0x080053fb   Thumb Code    38  dflt_clz.o(x$fpl$dfltu)
    __aeabi_dmul                             0x08005421   Thumb Code     0  dmul.o(x$fpl$dmul)
    _dmul                                    0x08005421   Thumb Code   332  dmul.o(x$fpl$dmul)
    __fpl_dnaninf                            0x08005575   Thumb Code   156  dnaninf.o(x$fpl$dnaninf)
    __fpl_dretinf                            0x08005611   Thumb Code    12  dretinf.o(x$fpl$dretinf)
    __aeabi_dsub                             0x0800561d   Thumb Code     0  daddsub_clz.o(x$fpl$dsub)
    _dsub                                    0x0800561d   Thumb Code   464  daddsub_clz.o(x$fpl$dsub)
    __aeabi_f2d                              0x080057f1   Thumb Code     0  f2d.o(x$fpl$f2d)
    _f2d                                     0x080057f1   Thumb Code    86  f2d.o(x$fpl$f2d)
    __aeabi_ul2f                             0x08005847   Thumb Code     0  ffltll_clz.o(x$fpl$ffltll)
    _ll_uto_f                                0x08005847   Thumb Code     6  ffltll_clz.o(x$fpl$ffltll)
    __aeabi_l2f                              0x0800584d   Thumb Code     0  ffltll_clz.o(x$fpl$ffltll)
    _ll_sto_f                                0x0800584d   Thumb Code    90  ffltll_clz.o(x$fpl$ffltll)
    __fpl_fnaninf                            0x080058a7   Thumb Code   140  fnaninf.o(x$fpl$fnaninf)
    _fp_init                                 0x08005933   Thumb Code    10  fpinit.o(x$fpl$fpinit)
    __fplib_config_fpu_vfp                   0x0800593b   Thumb Code     0  fpinit.o(x$fpl$fpinit)
    __fplib_config_pureend_doubles           0x0800593b   Thumb Code     0  fpinit.o(x$fpl$fpinit)
    __fpl_fretinf                            0x0800593d   Thumb Code    10  fretinf.o(x$fpl$fretinf)
    _printf_fp_dec                           0x08005947   Thumb Code     4  printf1.o(x$fpl$printf1)
    __I$use$fp                               0x0800594a   Number         0  usenofp.o(x$fpl$usenofp)
    Region$$Table$$Base                      0x08005a48   Number         0  anon$$obj.o(Region$$Table)
    Region$$Table$$Limit                     0x08005a68   Number         0  anon$$obj.o(Region$$Table)
    System_TimeTicks                         0x20000000   Data           8  main.o(.data)
    SystemCoreClock                          0x20000008   Data           4  system_stm32f4xx.o(.data)
    AHBPrescTable                            0x2000000c   Data          16  system_stm32f4xx.o(.data)
    __stdout                                 0x2000002c   Data           4  usart.o(.data)
    USART                                    0x20000030   Data         168  usart.o(.data)
    _ticks_per_us                            0x200000d8   Data           4  delay.o(.data)
    usticks                                  0x200000e0   Data           8  delay.o(.data)
    SystemTime                               0x200000e8   Data           8  delay.o(.data)
    Time_DefStruct                           0x200000f0   Data           8  delay.o(.data)
    _usticks                                 0x200000f8   Data           8  tim.o(.data)
    TIMER                                    0x20000100   Data         240  tim.o(.data)
    MLX_1                                    0x200001f0   Data          56  mlx.o(.data)
    MLX_2                                    0x20000228   Data          56  mlx.o(.data)
    MLX_3                                    0x20000260   Data          56  mlx.o(.data)
    MLX_4                                    0x20000298   Data          56  mlx.o(.data)
    ADC_ConvertedValue                       0x200002d0   Data           4  adc.o(.data)
    ADC_TimeTicks                            0x200002d8   Data           8  adc.o(.data)
    BATTERY_TimeTicks                        0x200002e0   Data           8  adc.o(.data)
    BATTERY_TimeTemp                         0x200002e8   Data           8  adc.o(.data)
    Battery_Lowpower                         0x200002f0   Data           1  adc.o(.data)
    ADC_Type                                 0x200002f4   Data         184  adc.o(.data)
    GK105                                    0x200003b0   Data          96  gk105.o(.data)
    __libspace_start                         0x20000410   Data          96  libspace.o(.bss)
    __temporary_stack_top$libspace           0x20000470   Data           0  libspace.o(.bss)



==============================================================================

Memory Map of the image

  Image Entry point : 0x08000189

  Load Region LR_IROM1 (Base: 0x08000000, Size: 0x00005e94, Max: 0x00100000, ABSOLUTE, COMPRESSED[0x00005c4c])

    Execution Region ER_IROM1 (Base: 0x08000000, Size: 0x00005a84, Max: 0x00100000, ABSOLUTE)

    Base Addr    Size         Type   Attr      Idx    E Section Name        Object

    0x08000000   0x00000188   Data   RO          218    RESET               startup_stm32f40_41xxx.o
    0x08000188   0x00000008   Code   RO         1227  * !!!main             c_w.l(__main.o)
    0x08000190   0x00000034   Code   RO         1489    !!!scatter          c_w.l(__scatter.o)
    0x080001c4   0x0000005a   Code   RO         1487    !!dczerorl2         c_w.l(__dczerorl2.o)
    0x0800021e   0x00000002   PAD
    0x08000220   0x0000001c   Code   RO         1491    !!handler_zi        c_w.l(__scatter_zi.o)
    0x0800023c   0x00000000   Code   RO         1221    .ARM.Collect$$_printf_percent$$00000000  c_w.l(_printf_percent.o)
    0x0800023c   0x00000006   Code   RO         1220    .ARM.Collect$$_printf_percent$$00000003  c_w.l(_printf_f.o)
    0x08000242   0x0000000a   Code   RO         1275    .ARM.Collect$$_printf_percent$$00000007  c_w.l(_printf_ll.o)
    0x0800024c   0x00000006   Code   RO         1219    .ARM.Collect$$_printf_percent$$00000009  c_w.l(_printf_d.o)
    0x08000252   0x00000006   Code   RO         1222    .ARM.Collect$$_printf_percent$$0000000E  c_w.l(_printf_lld.o)
    0x08000258   0x00000004   Code   RO         1274    .ARM.Collect$$_printf_percent$$00000017  c_w.l(_printf_percent_end.o)
    0x0800025c   0x00000002   Code   RO         1367    .ARM.Collect$$libinit$$00000000  c_w.l(libinit.o)
    0x0800025e   0x00000004   Code   RO         1368    .ARM.Collect$$libinit$$00000001  c_w.l(libinit2.o)
    0x08000262   0x00000000   Code   RO         1372    .ARM.Collect$$libinit$$00000008  c_w.l(libinit2.o)
    0x08000262   0x00000000   Code   RO         1374    .ARM.Collect$$libinit$$0000000A  c_w.l(libinit2.o)
    0x08000262   0x00000000   Code   RO         1376    .ARM.Collect$$libinit$$0000000C  c_w.l(libinit2.o)
    0x08000262   0x00000006   Code   RO         1377    .ARM.Collect$$libinit$$0000000D  c_w.l(libinit2.o)
    0x08000268   0x00000000   Code   RO         1379    .ARM.Collect$$libinit$$0000000F  c_w.l(libinit2.o)
    0x08000268   0x00000000   Code   RO         1381    .ARM.Collect$$libinit$$00000011  c_w.l(libinit2.o)
    0x08000268   0x00000000   Code   RO         1383    .ARM.Collect$$libinit$$00000013  c_w.l(libinit2.o)
    0x08000268   0x0000000a   Code   RO         1384    .ARM.Collect$$libinit$$00000014  c_w.l(libinit2.o)
    0x08000272   0x00000000   Code   RO         1385    .ARM.Collect$$libinit$$00000015  c_w.l(libinit2.o)
    0x08000272   0x00000000   Code   RO         1387    .ARM.Collect$$libinit$$00000017  c_w.l(libinit2.o)
    0x08000272   0x00000000   Code   RO         1389    .ARM.Collect$$libinit$$00000019  c_w.l(libinit2.o)
    0x08000272   0x00000000   Code   RO         1391    .ARM.Collect$$libinit$$0000001B  c_w.l(libinit2.o)
    0x08000272   0x00000000   Code   RO         1393    .ARM.Collect$$libinit$$0000001D  c_w.l(libinit2.o)
    0x08000272   0x00000000   Code   RO         1395    .ARM.Collect$$libinit$$0000001F  c_w.l(libinit2.o)
    0x08000272   0x00000000   Code   RO         1397    .ARM.Collect$$libinit$$00000021  c_w.l(libinit2.o)
    0x08000272   0x00000000   Code   RO         1399    .ARM.Collect$$libinit$$00000023  c_w.l(libinit2.o)
    0x08000272   0x00000000   Code   RO         1403    .ARM.Collect$$libinit$$0000002A  c_w.l(libinit2.o)
    0x08000272   0x00000000   Code   RO         1405    .ARM.Collect$$libinit$$0000002C  c_w.l(libinit2.o)
    0x08000272   0x00000000   Code   RO         1407    .ARM.Collect$$libinit$$0000002E  c_w.l(libinit2.o)
    0x08000272   0x00000000   Code   RO         1409    .ARM.Collect$$libinit$$00000030  c_w.l(libinit2.o)
    0x08000272   0x00000002   Code   RO         1410    .ARM.Collect$$libinit$$00000031  c_w.l(libinit2.o)
    0x08000274   0x00000002   Code   RO         1452    .ARM.Collect$$libshutdown$$00000000  c_w.l(libshutdown.o)
    0x08000276   0x00000000   Code   RO         1472    .ARM.Collect$$libshutdown$$00000003  c_w.l(libshutdown2.o)
    0x08000276   0x00000000   Code   RO         1475    .ARM.Collect$$libshutdown$$00000006  c_w.l(libshutdown2.o)
    0x08000276   0x00000000   Code   RO         1478    .ARM.Collect$$libshutdown$$00000009  c_w.l(libshutdown2.o)
    0x08000276   0x00000000   Code   RO         1480    .ARM.Collect$$libshutdown$$0000000B  c_w.l(libshutdown2.o)
    0x08000276   0x00000000   Code   RO         1483    .ARM.Collect$$libshutdown$$0000000E  c_w.l(libshutdown2.o)
    0x08000276   0x00000002   Code   RO         1484    .ARM.Collect$$libshutdown$$0000000F  c_w.l(libshutdown2.o)
    0x08000278   0x00000000   Code   RO         1261    .ARM.Collect$$rtentry$$00000000  c_w.l(rtentry.o)
    0x08000278   0x00000000   Code   RO         1286    .ARM.Collect$$rtentry$$00000002  c_w.l(rtentry2.o)
    0x08000278   0x00000006   Code   RO         1298    .ARM.Collect$$rtentry$$00000004  c_w.l(rtentry4.o)
    0x0800027e   0x00000000   Code   RO         1288    .ARM.Collect$$rtentry$$00000009  c_w.l(rtentry2.o)
    0x0800027e   0x00000004   Code   RO         1289    .ARM.Collect$$rtentry$$0000000A  c_w.l(rtentry2.o)
    0x08000282   0x00000000   Code   RO         1291    .ARM.Collect$$rtentry$$0000000C  c_w.l(rtentry2.o)
    0x08000282   0x00000008   Code   RO         1292    .ARM.Collect$$rtentry$$0000000D  c_w.l(rtentry2.o)
    0x0800028a   0x00000002   Code   RO         1411    .ARM.Collect$$rtexit$$00000000  c_w.l(rtexit.o)
    0x0800028c   0x00000000   Code   RO         1424    .ARM.Collect$$rtexit$$00000002  c_w.l(rtexit2.o)
    0x0800028c   0x00000004   Code   RO         1425    .ARM.Collect$$rtexit$$00000003  c_w.l(rtexit2.o)
    0x08000290   0x00000006   Code   RO         1426    .ARM.Collect$$rtexit$$00000004  c_w.l(rtexit2.o)
    0x08000296   0x00000002   PAD
    0x08000298   0x00000204   Code   RO            3    .text               main.o
    0x0800049c   0x00000018   Code   RO          169    .text               stm32f4xx_it.o
    0x080004b4   0x00000210   Code   RO          192    .text               system_stm32f4xx.o
    0x080006c4   0x00000040   Code   RO          219    .text               startup_stm32f40_41xxx.o
    0x08000704   0x000000e0   Code   RO          225    .text               misc.o
    0x080007e4   0x00000464   Code   RO          271    .text               stm32f4xx_adc.o
    0x08000c48   0x000003a8   Code   RO          494    .text               stm32f4xx_dma.o
    0x08000ff0   0x00000110   Code   RO          514    .text               stm32f4xx_exti.o
    0x08001100   0x00000294   Code   RO          600    .text               stm32f4xx_gpio.o
    0x08001394   0x0000065c   Code   RO          763    .text               stm32f4xx_rcc.o
    0x080019f0   0x00000094   Code   RO          888    .text               stm32f4xx_syscfg.o
    0x08001a84   0x00000ca2   Code   RO          908    .text               stm32f4xx_tim.o
    0x08002726   0x00000002   PAD
    0x08002728   0x00000454   Code   RO          928    .text               stm32f4xx_usart.o
    0x08002b7c   0x000000f8   Code   RO          968    .text               usart.o
    0x08002c74   0x000001e8   Code   RO          998    .text               delay.o
    0x08002e5c   0x000001a0   Code   RO         1031    .text               tim.o
    0x08002ffc   0x00000704   Code   RO         1057    .text               mlx.o
    0x08003700   0x0000039c   Code   RO         1082    .text               adc.o
    0x08003a9c   0x00000110   Code   RO         1159    .text               gk105.o
    0x08003bac   0x00000002   Code   RO         1185    .text               c_w.l(use_no_semi_2.o)
    0x08003bae   0x000000ee   Code   RO         1187    .text               c_w.l(lludivv7m.o)
    0x08003c9c   0x00000018   Code   RO         1191    .text               c_w.l(noretval__2printf.o)
    0x08003cb4   0x00000074   Code   RO         1195    .text               c_w.l(_printf_dec.o)
    0x08003d28   0x00000078   Code   RO         1197    .text               c_w.l(_printf_longlong_dec.o)
    0x08003da0   0x00000160   Code   RO         1214    .text               c_w.l(__printf_ss_wp.o)
    0x08003f00   0x00000064   Code   RO         1223    .text               c_w.l(rt_memcpy_w.o)
    0x08003f64   0x00000006   Code   RO         1225    .text               c_w.l(heapauxi.o)
    0x08003f6a   0x00000002   Code   RO         1259    .text               c_w.l(use_no_semi.o)
    0x08003f6c   0x0000008a   Code   RO         1266    .text               c_w.l(lludiv10.o)
    0x08003ff6   0x000000b2   Code   RO         1268    .text               c_w.l(_printf_intcommon.o)
    0x080040a8   0x00000416   Code   RO         1270    .text               c_w.l(_printf_fp_dec.o)
    0x080044be   0x00000002   PAD
    0x080044c0   0x00000024   Code   RO         1272    .text               c_w.l(_printf_char_file.o)
    0x080044e4   0x00000008   Code   RO         1305    .text               c_w.l(rt_locale_intlibspace.o)
    0x080044ec   0x00000030   Code   RO         1307    .text               c_w.l(_printf_char_common.o)
    0x0800451c   0x00000080   Code   RO         1309    .text               c_w.l(_printf_fp_infnan.o)
    0x0800459c   0x000000d8   Code   RO         1311    .text               c_w.l(bigflt0.o)
    0x08004674   0x00000008   Code   RO         1336    .text               c_w.l(ferror.o)
    0x0800467c   0x00000008   Code   RO         1347    .text               c_w.l(libspace.o)
    0x08004684   0x0000004a   Code   RO         1350    .text               c_w.l(sys_stackheap_outer.o)
    0x080046ce   0x0000000c   Code   RO         1354    .text               c_w.l(exit.o)
    0x080046da   0x00000002   PAD
    0x080046dc   0x00000080   Code   RO         1360    .text               c_w.l(strcmpv7m.o)
    0x0800475c   0x0000003e   Code   RO         1314    CL$$btod_d2e        c_w.l(btod.o)
    0x0800479a   0x00000046   Code   RO         1316    CL$$btod_d2e_denorm_low  c_w.l(btod.o)
    0x080047e0   0x00000060   Code   RO         1315    CL$$btod_d2e_norm_op1  c_w.l(btod.o)
    0x08004840   0x00000338   Code   RO         1324    CL$$btod_div_common  c_w.l(btod.o)
    0x08004b78   0x000000c6   Code   RO         1321    CL$$btod_e2e        c_w.l(btod.o)
    0x08004c3e   0x00000028   Code   RO         1318    CL$$btod_ediv       c_w.l(btod.o)
    0x08004c66   0x00000028   Code   RO         1317    CL$$btod_emul       c_w.l(btod.o)
    0x08004c8e   0x00000244   Code   RO         1323    CL$$btod_mult_common  c_w.l(btod.o)
    0x08004ed2   0x00000030   Code   RO         1345    i.__ARM_fpclassify  m_wm.l(fpclassify.o)
    0x08004f02   0x0000000e   Code   RO         1209    i._is_digit         c_w.l(__printf_wp.o)
    0x08004f10   0x0000002c   Code   RO         1341    locale$$code        c_w.l(lc_numeric_c.o)
    0x08004f3c   0x00000062   Code   RO         1229    x$fpl$d2f           fz_wm.l(d2f.o)
    0x08004f9e   0x00000002   PAD
    0x08004fa0   0x00000150   Code   RO         1231    x$fpl$dadd          fz_wm.l(daddsub_clz.o)
    0x080050f0   0x000002b0   Code   RO         1238    x$fpl$ddiv          fz_wm.l(ddiv.o)
    0x080053a0   0x0000005a   Code   RO         1241    x$fpl$dfixu         fz_wm.l(dfixu.o)
    0x080053fa   0x00000026   Code   RO         1245    x$fpl$dfltu         fz_wm.l(dflt_clz.o)
    0x08005420   0x00000154   Code   RO         1251    x$fpl$dmul          fz_wm.l(dmul.o)
    0x08005574   0x0000009c   Code   RO         1276    x$fpl$dnaninf       fz_wm.l(dnaninf.o)
    0x08005610   0x0000000c   Code   RO         1278    x$fpl$dretinf       fz_wm.l(dretinf.o)
    0x0800561c   0x000001d4   Code   RO         1233    x$fpl$dsub          fz_wm.l(daddsub_clz.o)
    0x080057f0   0x00000056   Code   RO         1253    x$fpl$f2d           fz_wm.l(f2d.o)
    0x08005846   0x00000060   Code   RO         1255    x$fpl$ffltll        fz_wm.l(ffltll_clz.o)
    0x080058a6   0x0000008c   Code   RO         1280    x$fpl$fnaninf       fz_wm.l(fnaninf.o)
    0x08005932   0x0000000a   Code   RO         1421    x$fpl$fpinit        fz_wm.l(fpinit.o)
    0x0800593c   0x0000000a   Code   RO         1282    x$fpl$fretinf       fz_wm.l(fretinf.o)
    0x08005946   0x00000004   Code   RO         1257    x$fpl$printf1       fz_wm.l(printf1.o)
    0x0800594a   0x00000000   Code   RO         1284    x$fpl$usenofp       fz_wm.l(usenofp.o)
    0x0800594a   0x00000002   PAD
    0x0800594c   0x00000094   Data   RO         1312    .constdata          c_w.l(bigflt0.o)
    0x080059e0   0x00000067   Data   RO            4    .conststring        main.o
    0x08005a47   0x00000001   PAD
    0x08005a48   0x00000020   Data   RO         1485    Region$$Table       anon$$obj.o
    0x08005a68   0x0000001c   Data   RO         1340    locale$$data        c_w.l(lc_numeric_c.o)


    Execution Region RW_IRAM1 (Base: 0x20000000, Size: 0x00000a70, Max: 0x00020000, ABSOLUTE, COMPRESSED[0x000001c8])

    Base Addr    Size         Type   Attr      Idx    E Section Name        Object

    0x20000000   0x00000008   Data   RW            5    .data               main.o
    0x20000008   0x00000014   Data   RW          193    .data               system_stm32f4xx.o
    0x2000001c   0x00000010   Data   RW          764    .data               stm32f4xx_rcc.o
    0x2000002c   0x000000ac   Data   RW          969    .data               usart.o
    0x200000d8   0x00000020   Data   RW          999    .data               delay.o
    0x200000f8   0x000000f8   Data   RW         1032    .data               tim.o
    0x200001f0   0x000000e0   Data   RW         1058    .data               mlx.o
    0x200002d0   0x000000dc   Data   RW         1083    .data               adc.o
    0x200003ac   0x00000004   PAD
    0x200003b0   0x00000060   Data   RW         1160    .data               gk105.o
    0x20000410   0x00000060   Zero   RW         1348    .bss                c_w.l(libspace.o)
    0x20000470   0x00000200   Zero   RW          217    HEAP                startup_stm32f40_41xxx.o
    0x20000670   0x00000400   Zero   RW          216    STACK               startup_stm32f40_41xxx.o


==============================================================================

Image component sizes


      Code (inc. data)   RO Data    RW Data    ZI Data      Debug   Object Name

       924         56          0        220          0       4201   adc.o
       488         22          0         32          0      31648   delay.o
       272         18          0         96          0       2179   gk105.o
       516        102        103          8          0     308637   main.o
       224         20          0          0          0     247025   misc.o
      1796         16          0        224          0       7822   mlx.o
        64         26        392          0       1536        820   startup_stm32f40_41xxx.o
      1124         24          0          0          0      10458   stm32f4xx_adc.o
       936         32          0          0          0       6257   stm32f4xx_dma.o
       272         10          0          0          0       2231   stm32f4xx_exti.o
       660         44          0          0          0       4061   stm32f4xx_gpio.o
        24          0          0          0          0       1110   stm32f4xx_it.o
      1628         52          0         16          0      12832   stm32f4xx_rcc.o
       148         12          0          0          0       1829   stm32f4xx_syscfg.o
      3234         60          0          0          0      22264   stm32f4xx_tim.o
      1108         34          0          0          0       7760   stm32f4xx_usart.o
       528         46          0         20          0       1727   system_stm32f4xx.o
       416          8          0        248          0       3444   tim.o
       248         14          0        172          0       4336   usart.o

    ----------------------------------------------------------------------
     14612        596        528       1040       1536     680641   Object Totals
         0          0         32          0          0          0   (incl. Generated)
         2          0          1          4          0          0   (incl. Padding)

    ----------------------------------------------------------------------

      Code (inc. data)   RO Data    RW Data    ZI Data      Debug   Library Member Name

        90          0          0          0          0          0   __dczerorl2.o
         8          0          0          0          0         68   __main.o
       352          0          0          0          0         88   __printf_ss_wp.o
        14          0          0          0          0         68   __printf_wp.o
        52          8          0          0          0          0   __scatter.o
        28          0          0          0          0          0   __scatter_zi.o
        48          6          0          0          0         96   _printf_char_common.o
        36          4          0          0          0         80   _printf_char_file.o
         6          0          0          0          0          0   _printf_d.o
       116         16          0          0          0         92   _printf_dec.o
         6          0          0          0          0          0   _printf_f.o
      1046          0          0          0          0        216   _printf_fp_dec.o
       128         16          0          0          0         84   _printf_fp_infnan.o
       178          0          0          0          0         88   _printf_intcommon.o
        10          0          0          0          0          0   _printf_ll.o
         6          0          0          0          0          0   _printf_lld.o
       120         16          0          0          0         92   _printf_longlong_dec.o
         0          0          0          0          0          0   _printf_percent.o
         4          0          0          0          0          0   _printf_percent_end.o
       216          4        148          0          0         96   bigflt0.o
      1910        128          0          0          0        672   btod.o
        12          0          0          0          0         72   exit.o
         8          0          0          0          0         68   ferror.o
         6          0          0          0          0        152   heapauxi.o
        44         10         28          0          0         76   lc_numeric_c.o
         2          0          0          0          0          0   libinit.o
        22          0          0          0          0          0   libinit2.o
         2          0          0          0          0          0   libshutdown.o
         2          0          0          0          0          0   libshutdown2.o
         8          4          0          0         96         68   libspace.o
       138          0          0          0          0         80   lludiv10.o
       238          0          0          0          0        100   lludivv7m.o
        24          4          0          0          0         84   noretval__2printf.o
         8          4          0          0          0         68   rt_locale_intlibspace.o
       100          0          0          0          0         80   rt_memcpy_w.o
         0          0          0          0          0          0   rtentry.o
        12          0          0          0          0          0   rtentry2.o
         6          0          0          0          0          0   rtentry4.o
         2          0          0          0          0          0   rtexit.o
        10          0          0          0          0          0   rtexit2.o
       128          0          0          0          0         68   strcmpv7m.o
        74          0          0          0          0         80   sys_stackheap_outer.o
         2          0          0          0          0         68   use_no_semi.o
         2          0          0          0          0         68   use_no_semi_2.o
        98          4          0          0          0        140   d2f.o
       804         16          0          0          0        368   daddsub_clz.o
       688        140          0          0          0        256   ddiv.o
        90          4          0          0          0        140   dfixu.o
        38          0          0          0          0        116   dflt_clz.o
       340         12          0          0          0        152   dmul.o
       156          4          0          0          0        140   dnaninf.o
        12          0          0          0          0        116   dretinf.o
        86          4          0          0          0        132   f2d.o
        96          0          0          0          0        132   ffltll_clz.o
       140          4          0          0          0        132   fnaninf.o
        10          0          0          0          0        116   fpinit.o
        10          0          0          0          0        116   fretinf.o
         4          0          0          0          0        116   printf1.o
         0          0          0          0          0          0   usenofp.o
        48          0          0          0          0        124   fpclassify.o

    ----------------------------------------------------------------------
      7856        408        176          0         96       5168   Library Totals
        12          0          0          0          0          0   (incl. Padding)

    ----------------------------------------------------------------------

      Code (inc. data)   RO Data    RW Data    ZI Data      Debug   Library Name

      5224        220        176          0         96       2872   c_w.l
      2572        188          0          0          0       2172   fz_wm.l
        48          0          0          0          0        124   m_wm.l

    ----------------------------------------------------------------------
      7856        408        176          0         96       5168   Library Totals

    ----------------------------------------------------------------------

==============================================================================


      Code (inc. data)   RO Data    RW Data    ZI Data      Debug   

     22468       1004        704       1040       1632     678749   Grand Totals
     22468       1004        704        456       1632     678749   ELF Image Totals (compressed)
     22468       1004        704        456          0          0   ROM Totals

==============================================================================

    Total RO  Size (Code + RO Data)                23172 (  22.63kB)
    Total RW  Size (RW Data + ZI Data)              2672 (   2.61kB)
    Total ROM Size (Code + RO Data + RW Data)      23628 (  23.07kB)

==============================================================================

